       Fresh unicode-ident v1.0.24
       Fresh proc-macro2 v1.0.106
       Fresh quote v1.0.45
       Fresh libc v0.2.183
       Fresh serde_derive v1.0.228
       Fresh cfg-if v1.0.4
       Fresh version_check v0.9.5
       Fresh zeroize_derive v1.4.3
       Fresh typenum v1.19.0
       Fresh getrandom v0.2.17
       Fresh subtle v2.6.1
       Fresh const-oid v0.9.6
       Fresh rand_core v0.6.4
       Fresh equivalent v1.0.2
       Fresh portable-atomic v1.13.1
       Fresh critical-section v1.2.0
       Fresh itoa v1.0.17
       Fresh shlex v1.3.0
       Fresh jobserver v0.1.34
       Fresh find-msvc-tools v0.1.9
       Fresh cpufeatures v0.2.17
       Fresh cc v1.2.56
       Fresh foldhash v0.2.0
       Fresh unicode-xid v0.2.6
       Fresh rustversion v1.0.22
       Fresh base64ct v1.8.3
       Fresh zerocopy v0.8.42
       Fresh hashbrown v0.16.1
       Fresh ppv-lite86 v0.2.21
       Fresh winnow v0.7.15
       Fresh keccak v0.1.6
       Fresh base16ct v0.2.0
       Fresh ff v0.13.1
       Fresh group v0.13.0
       Fresh toml_parser v1.0.9+spec-1.1.0
       Fresh rand_chacha v0.3.1
       Fresh toml_datetime v1.0.0+spec-1.1.0
       Fresh toml_edit v0.25.4+spec-1.1.0
       Fresh rand v0.8.5
       Fresh pem-rfc7468 v0.7.0
       Fresh autocfg v1.5.0
       Fresh proc-macro-crate v3.5.0
       Fresh serde_core v1.0.228
       Fresh syn v1.0.109
       Fresh smallvec v1.15.1
       Fresh pkcs8 v0.10.2
       Fresh serdect v0.2.0
       Fresh pin-project-lite v0.2.17
       Fresh serde v1.0.228
       Fresh indexmap v2.13.0
       Fresh paste v1.0.15
       Fresh rustc-hash v2.1.1
       Fresh zmij v1.0.21
       Fresh libm v0.2.16
       Fresh unicode-segmentation v1.12.0
       Fresh tracing-core v0.1.36
       Fresh tracing-attributes v0.1.31
       Fresh fnv v1.0.7
       Fresh tracing v0.1.44
       Fresh alloy-rlp-derive v0.3.13
       Fresh alloy-rlp v0.3.13
       Fresh convert_case v0.10.0
       Fresh static_assertions v1.1.0
       Fresh ruint-macro v1.2.1
       Fresh ruint v1.17.2
       Fresh derive_more-impl v2.1.1
       Fresh thiserror-impl v2.0.18
       Fresh derive_more v2.1.1
       Fresh thiserror v2.0.18
       Fresh alloy-primitives v1.5.7
       Fresh num_enum_derive v0.7.5
       Fresh auto_impl v1.3.0
       Fresh scopeguard v1.2.0
       Fresh futures-core v0.3.32
       Fresh lock_api v0.4.14
       Fresh parking_lot_core v0.9.12
       Fresh num_enum v0.7.5
       Fresh futures-sink v0.3.32
       Fresh parking_lot v0.12.5
       Fresh errno v0.3.14
       Fresh heck v0.5.0
       Fresh signal-hook-registry v1.4.8
       Fresh socket2 v0.6.3
       Fresh tokio-macros v2.6.1
       Fresh mio v1.1.1
       Fresh tokio v1.50.0
       Fresh futures-io v0.3.32
       Fresh futures-channel v0.3.32
       Fresh rustc-hex v2.1.0
       Fresh pkg-config v0.3.32
       Fresh const_format_proc_macros v0.2.34
       Fresh log v0.4.29
       Fresh const_format v0.2.35
       Fresh num-traits v0.2.19
       Fresh parity-scale-codec-derive v3.7.5
       Fresh impl-trait-for-tuples v0.2.3
       Fresh zeroize v1.8.2
       Fresh byte-slice-cast v1.2.3
       Fresh slab v0.4.12
       Fresh regex-syntax v0.8.10
       Fresh rlp-derive v0.1.0
       Fresh thiserror-impl v1.0.69
       Fresh futures-task v0.3.32
       Fresh thiserror v1.0.69
       Fresh futures-macro v0.3.32
       Fresh crunchy v0.2.4
       Fresh futures-util v0.3.32
       Fresh generic-array v0.14.7
       Fresh derive_more-impl v1.0.0
       Fresh synstructure v0.13.2
       Fresh derive_more v1.0.0
       Fresh scale-info-derive v2.11.6
       Fresh tap v1.0.1
       Fresh stable_deref_trait v1.2.1
       Fresh wyz v0.5.1
       Fresh radium v0.7.0
       Fresh zerofrom-derive v0.1.6
       Fresh funty v2.0.0
       Fresh bitvec v1.0.1
       Fresh zerofrom v0.1.6
       Fresh yoke-derive v0.8.1
       Fresh strsim v0.11.1
       Fresh yoke v0.8.1
       Fresh crypto-common v0.1.7
       Fresh block-buffer v0.10.4
       Fresh memchr v2.8.0
       Fresh digest v0.10.7
       Fresh tiny-keccak v2.0.2
       Fresh num-integer v0.1.46
       Fresh zerovec-derive v0.11.2
       Fresh untrusted v0.9.0
       Fresh ident_case v1.0.1
       Fresh ring v0.17.14
       Fresh darling_core v0.21.3
       Fresh num-bigint v0.4.6
       Fresh zerovec v0.11.5
       Fresh zstd-sys v2.0.16+zstd.1.5.7
       Fresh revm-primitives v21.0.2
       Fresh displaydoc v0.2.5
       Fresh darling_macro v0.21.3
       Fresh tokio-util v0.7.18
       Fresh alloy-eip7702 v0.6.3
       Fresh alloy-eip2930 v0.2.3
       Fresh bytes v1.11.1
       Fresh linux-raw-sys v0.12.1
       Fresh darling v0.21.3
       Fresh revm-bytecode v7.1.1
       Fresh num_cpus v1.17.0
       Fresh revm-state v8.1.1
       Fresh threadpool v1.8.1
       Fresh ahash v0.8.12
       Fresh httparse v1.10.1
       Fresh getrandom v0.4.2
       Fresh tinystr v0.8.2
       Fresh fastrand v2.3.0
       Fresh writeable v0.6.2
       Fresh crc-catalog v2.4.0
       Fresh litemap v0.8.1
       Fresh crc v3.4.0
       Fresh icu_locale_core v2.1.1
       Fresh blst v0.3.16
       Fresh serde_with_macros v3.17.0
       Fresh zerotrie v0.2.3
       Fresh potential_utf v0.1.4
       Fresh allocator-api2 v0.2.21
       Fresh foldhash v0.1.5
       Fresh tower-service v0.3.3
       Fresh hashbrown v0.15.5
       Fresh icu_collections v2.1.1
       Fresh icu_provider v2.1.1
       Fresh serde_with v3.17.0
       Fresh crossbeam-utils v0.8.21
       Fresh alloy-eip2124 v0.2.0
       Fresh bitflags v2.11.0
       Fresh icu_normalizer_data v2.1.1
       Fresh zstd-safe v7.2.4
       Fresh icu_properties_data v2.1.2
       Fresh wasm-bindgen-shared v0.2.114
       Fresh aho-corasick v1.1.4
       Fresh enum-ordinalize-derive v4.3.2
       Fresh bumpalo v3.20.2
       Fresh iana-time-zone v0.1.65
       Fresh wasm-bindgen-macro-support v0.2.114
       Fresh enum-ordinalize v4.3.2
       Fresh regex-automata v0.4.14
       Fresh icu_properties v2.1.2
       Fresh zstd v0.13.3
       Fresh icu_normalizer v2.1.1
       Fresh c-kzg v2.1.6
       Fresh revm-database-interface v8.0.5
       Fresh sha3 v0.10.8
       Fresh num-iter v0.1.45
       Fresh alloy-eip7928 v0.3.3
       Fresh alloy-serde v1.7.3
       Fresh nybbles v0.4.8
       Fresh ark-std v0.5.0
       Fresh const-hex v1.18.1
       Fresh ripemd v0.1.3
       Fresh http v1.4.0
       Fresh ark-serialize-derive v0.5.0
       Fresh async-trait v0.1.89
       Fresh try-lock v0.2.5
       Fresh dunce v1.0.5
       Fresh percent-encoding v2.3.2
       Fresh want v0.3.1
       Fresh form_urlencoded v1.2.2
       Fresh ark-serialize v0.5.0
       Fresh alloy-trie v0.9.5
       Fresh alloy-eips v1.7.3
       Fresh idna_adapter v1.2.1
       Fresh educe v0.6.0
       Fresh secp256k1-sys v0.10.1
       Fresh wasm-bindgen-macro v0.2.114
       Fresh open-fastrlp-derive v0.1.1
       Fresh ark-ff-macros v0.5.0
       Fresh ark-ff-asm v0.5.0
       Fresh utf8_iter v1.0.4
       Fresh spin v0.9.8
       Fresh httpdate v1.0.3
       Fresh arrayvec v0.7.6
       Fresh parity-scale-codec v3.7.5
       Fresh idna v1.1.0
       Fresh ark-ff v0.5.0
       Fresh wasm-bindgen v0.2.114
       Fresh secp256k1 v0.30.0
       Fresh regex v1.12.3
       Fresh crossbeam-epoch v0.9.18
       Fresh alloy-tx-macros v1.7.3
       Fresh strum_macros v0.27.2
       Fresh strum_macros v0.26.4
       Fresh base64 v0.21.7
       Fresh byteorder v1.5.0
       Fresh arrayref v0.3.9
       Fresh glob v0.3.3
       Fresh either v1.15.0
       Fresh strum v0.26.3
       Fresh strum v0.27.2
       Fresh alloy-consensus v1.7.3
       Fresh crossbeam-deque v0.8.6
       Fresh js-sys v0.3.91
       Fresh ark-poly v0.5.0
       Fresh url v2.5.8
       Fresh rlp v0.5.2
       Fresh futures-executor v0.3.32
       Fresh http v0.2.12
       Fresh primeorder v0.13.6
       Fresh modular-bitfield-impl v0.11.2
       Fresh pin-project-internal v1.1.11
       Fresh pin-project v1.1.11
       Fresh modular-bitfield v0.11.2
       Fresh p256 v0.13.2
       Fresh futures v0.3.32
       Fresh impl-rlp v0.3.0
       Fresh ark-ec v0.5.0
       Fresh gloo-timers v0.2.6
       Fresh fixed-hash v0.8.0
       Fresh scale-info v2.11.6
       Fresh impl-codec v0.6.0
       Fresh alloy-genesis v1.7.3
       Fresh http-body v1.0.1
       Fresh reth-zstd-compressors v1.9.1 (https://github.com/paradigmxyz/reth.git?tag=v1.9.1#3afe69a5)
       Fresh sct v0.7.1
       Fresh rustls-webpki v0.101.7
       Fresh der v0.7.10
       Fresh num-rational v0.4.2
       Fresh num-complex v0.4.6
       Fresh impl-serde v0.4.0
       Fresh sha1 v0.10.6
       Fresh reth-codecs-derive v1.9.1 (https://github.com/paradigmxyz/reth.git?tag=v1.9.1#3afe69a5)
       Fresh hex v0.4.3
       Fresh minimal-lexical v0.2.1
       Fresh dyn-clone v1.0.20
       Fresh send_wrapper v0.4.0
       Fresh futures-timer v3.0.3
       Fresh nom v7.1.3
       Fresh uint v0.9.5
       Fresh reth-codecs v1.9.1 (https://github.com/paradigmxyz/reth.git?tag=v1.9.1#3afe69a5)
       Fresh num v0.4.3
       Fresh rustls v0.21.12
       Fresh rayon-core v1.13.0
       Fresh revm-context-interface v12.0.1
       Fresh rustls-pki-types v1.14.0
       Fresh libloading v0.8.9
       Fresh syn v2.0.117
       Fresh toml_write v0.1.2
       Fresh vcpkg v0.2.15
       Fresh base64 v0.22.1
       Fresh clang-sys v1.8.1
       Fresh rayon v1.11.0
       Fresh aurora-engine-modexp v1.2.0
       Fresh reth-primitives-traits v1.9.1 (https://github.com/paradigmxyz/reth.git?tag=v1.9.1#3afe69a5)
       Fresh primitive-types v0.12.2
       Fresh cexpr v0.6.0
       Fresh getrandom v0.3.4
       Fresh ethbloom v0.13.0
       Fresh sec1 v0.7.3
       Fresh ark-bls12-381 v0.5.0
       Fresh ark-bn254 v0.5.0
       Fresh itertools v0.13.0
       Fresh hmac v0.12.1
       Fresh crypto-bigint v0.5.5
       Fresh syn-solidity v1.5.7
       Fresh inout v0.1.4
       Fresh digest v0.9.0
       Fresh derive-where v1.6.0
       Fresh macro-string v0.1.4
       Fresh proc-macro-error-attr2 v2.0.0
       Fresh block-padding v0.2.1
       Fresh once_cell v1.21.3
       Fresh bech32 v0.9.1
       Fresh block-buffer v0.9.0
       Fresh proc-macro-error2 v2.0.1
       Fresh alloy-sol-macro-input v1.5.7
       Fresh revm-context v11.0.2
       Fresh cipher v0.4.4
       Fresh elliptic-curve v0.13.8
       Fresh rfc6979 v0.4.0
       Fresh bindgen v0.72.1
       Fresh revm-precompile v29.0.1
       Fresh rand_core v0.9.5
       Fresh ethereum-types v0.14.1
       Fresh serde_json v1.0.149
       Fresh rustls-webpki v0.103.9
       Fresh revm-interpreter v29.0.1
       Fresh tokio-rustls v0.24.1
       Fresh spki v0.7.3
       Fresh http-body v0.4.6
       Fresh h2 v0.3.27
       Fresh alloy-chains v0.2.31
       Fresh revm-database v9.0.6
       Fresh signature v2.2.0
       Fresh ark-std v0.4.0
       Fresh ark-serialize-derive v0.4.2
       Fresh pem-rfc7468 v0.6.0
       Fresh socket2 v0.5.10
       Fresh virtue v0.0.18
       Fresh opaque-debug v0.3.1
       Fresh time-core v0.1.8
       Fresh powerfmt v0.2.0
       Fresh num-conv v0.2.0
       Fresh indenter v0.3.4
       Fresh tower-layer v0.3.3
       Fresh time-macros v0.2.27
       Fresh deranged v0.5.8
       Fresh bincode_derive v2.0.1
       Fresh hyper v0.14.32
       Fresh ark-serialize v0.4.2
       Fresh der v0.6.1
       Fresh ecdsa v0.16.9
       Fresh alloy-hardforks v0.4.7
       Fresh rustls v0.23.37
       Fresh revm-handler v12.0.2
       Fresh rand_chacha v0.9.0
       Fresh alloy-sol-macro-expander v1.5.7
       Fresh camino v1.2.2
       Fresh rustix v1.1.4
       Fresh ark-ff-macros v0.4.2
       Fresh sha2 v0.10.9
       Fresh itertools v0.10.5
       Fresh cargo-platform v0.1.9
       Fresh derivative v2.2.0
       Fresh ark-ff-asm v0.4.2
       Fresh semver v1.0.27
       Fresh same-file v1.0.6
       Fresh sync_wrapper v1.0.2
       Fresh atomic-waker v1.1.2
       Fresh webpki-roots v0.25.4
       Fresh unty v0.0.4
       Fresh ryu v1.0.23
       Fresh serde_urlencoded v0.7.1
       Fresh bincode v2.0.1
       Fresh h2 v0.4.13
       Fresh tower v0.5.3
       Fresh walkdir v2.5.0
       Fresh ark-ff v0.4.2
       Fresh cargo_metadata v0.18.1
       Fresh k256 v0.13.4
       Fresh tempfile v3.26.0
       Fresh alloy-sol-macro v1.5.7
       Fresh rand v0.9.2
       Fresh revm-inspector v12.0.2
       Fresh spki v0.6.0
       Fresh hyper-rustls v0.24.2
       Fresh time v0.3.47
       Fresh proc-macro-hack v0.5.20+deprecated
       Fresh ethabi v18.0.0
       Fresh libz-sys v1.1.25
       Fresh open-fastrlp v0.1.4
       Fresh bzip2-sys v0.1.13+1.0.8
       Fresh lz4-sys v1.11.1+lz4-1.10.0
       Fresh http-body-util v0.1.3
       Fresh reth-static-file-types v1.9.1 (https://github.com/paradigmxyz/reth.git?tag=v1.9.1#3afe69a5)
       Fresh rustls-pemfile v1.0.4
       Fresh jsonrpsee-types v0.26.0
       Fresh hashbrown v0.13.2
       Fresh tokio-stream v0.1.18
       Fresh chrono v0.4.44
       Fresh bs58 v0.5.1
       Fresh toml_datetime v0.6.11
       Fresh serde_spanned v0.6.9
       Fresh encoding_rs v0.8.35
       Fresh lazy_static v1.5.0
       Fresh utf-8 v0.7.6
       Fresh alloc-no-stdlib v2.0.4
       Fresh cfg_aliases v0.2.1
       Fresh openssl-probe v0.2.1
       Fresh base64 v0.13.1
       Fresh sync_wrapper v0.1.2
       Fresh ipnet v2.12.0
       Fresh mime v0.3.17
       Fresh pin-utils v0.1.0
       Fresh data-encoding v2.10.0
       Fresh spin v0.5.2
       Fresh adler2 v2.0.1
       Fresh untrusted v0.7.1
       Fresh ring v0.16.20
       Fresh hyper v1.8.1
       Fresh tungstenite v0.20.1
       Fresh reqwest v0.11.27
       Fresh pem v1.1.1
       Fresh rustls-native-certs v0.8.3
       Fresh alloc-stdlib v0.2.2
       Fresh toml_edit v0.22.27
       Fresh ethers-core v2.0.14
       Fresh coins-core v0.8.7
       Fresh jsonrpsee-core v0.26.0
       Fresh ark-poly v0.4.2
       Fresh librocksdb-sys v0.17.3+10.4.2
       Fresh time-macros-impl v0.1.2
       Fresh simple_asn1 v0.6.4
       Fresh pkcs8 v0.9.0
       Fresh revm v31.0.2
       Fresh alloy-sol-types v1.5.7
       Fresh anyhow v1.0.102
       Fresh bitcoin-private v0.1.0
       Fresh tokio-rustls v0.26.4
       Fresh salsa20 v0.10.2
       Fresh reth-prune-types v1.9.1 (https://github.com/paradigmxyz/reth.git?tag=v1.9.1#3afe69a5)
       Fresh fxhash v0.2.1
       Fresh positioned-io v0.3.5
       Fresh itertools v0.14.0
       Fresh pbkdf2 v0.11.0
       Fresh memmap2 v0.5.10
       Fresh serde_derive_internals v0.29.1
       Fresh scroll_derive v0.13.1
       Fresh simd-adler32 v0.3.8
       Fresh subtle-ng v2.5.0
       Fresh curve25519-dalek-ng v4.1.1
       Fresh miniz_oxide v0.8.9
       Fresh scroll v0.13.0
       Fresh schemars_derive v0.8.22
       Fresh merkletree v0.23.0
       Fresh scrypt v0.10.0
       Fresh reth-trie-common v1.9.1 (https://github.com/paradigmxyz/reth.git?tag=v1.9.1#3afe69a5)
       Fresh reth-storage-errors v1.9.1 (https://github.com/paradigmxyz/reth.git?tag=v1.9.1#3afe69a5)
       Fresh hashers v1.0.1
       Fresh bitcoin_hashes v0.12.0
       Fresh alloy-evm v0.23.3
       Fresh pkcs1 v0.4.1
       Fresh time-macros v0.1.1
       Fresh jsonwebtoken v8.3.0
       Fresh rocksdb v0.24.0
       Fresh ark-ec v0.4.2
       Fresh coins-bip32 v0.8.7
       Fresh secp256k1-sys v0.8.2
       Fresh standback v0.2.17
       Fresh toml v0.8.23
       Fresh brotli-decompressor v5.0.0
       Fresh crc32fast v1.5.0
       Fresh num-bigint-dig v0.8.6
       Fresh rustls-platform-verifier v0.5.3
       Fresh hyper-util v0.1.20
       Fresh tokio-tungstenite v0.20.1
       Fresh const_fn v0.4.12
       Fresh eyre v0.6.12
       Fresh sha2 v0.9.9
       Fresh aes v0.8.4
       Fresh ctr v0.9.2
       Fresh prettyplease v0.2.37
       Fresh soketto v0.8.1
       Fresh tracing-futures v0.2.5
       Fresh enr v0.10.0
       Fresh Inflector v0.11.4
       Fresh convert_case v0.6.0
       Fresh pbkdf2 v0.12.2
       Fresh uuid v0.8.2
       Fresh instant v0.1.13
       Fresh bincode v1.3.3
       Fresh plain v0.2.3
       Fresh utf8parse v0.2.2
       Fresh convert_case v0.4.0
       Fresh derive_more v0.99.20
       Fresh anstyle-parse v0.2.7
       Fresh goblin v0.10.5
       Fresh eth-keystore v0.5.0
       Fresh ethers-providers v2.0.14
       Fresh fastcrypto-derive v0.1.3
       Fresh coins-bip39 v0.8.7
       Fresh ethers-contract-abigen v2.0.14
       Fresh ed25519-consensus v2.1.0
       Fresh time v0.2.27
       Fresh borsh v1.6.0
       Fresh flate2 v1.1.9
       Fresh rsa v0.8.2
       Fresh brotli v8.0.2
       Fresh secp256k1 v0.27.0
       Fresh ark-secp256r1 v0.4.0
       Fresh vuc-storage v0.1.0 (/root/Slura/crates/vuc-storage)
       Fresh reth-execution-errors v1.9.1 (https://github.com/paradigmxyz/reth.git?tag=v1.9.1#3afe69a5)
       Fresh ethers-contract-derive v2.0.14
       Fresh schemars v0.8.22
       Fresh i256 v0.2.3
       Fresh sha3 v0.9.1
       Fresh hkdf v0.12.4
       Fresh combine v4.6.7
       Fresh blake2 v0.10.6
       Fresh readonly v0.2.13
       Fresh is_terminal_polyfill v1.70.2
       Fresh auto_ops v0.3.0
       Fresh colorchoice v1.0.4
       Fresh md5 v0.7.0
       Fresh anstyle v1.0.13
       Fresh hex-literal v0.4.1
       Fresh regex-syntax v0.6.29
       Fresh compression-core v0.4.31
       Fresh bs58 v0.4.0
       Fresh anstyle-query v1.1.5
       Fresh anstream v0.6.21
       Fresh fastcrypto v0.1.9
       Fresh compression-codecs v0.4.37
       Fresh regex-automata v0.1.10
       Fresh vuc-events v0.1.0 (/root/Slura/crates/vuc-events)
warning: unused variable: `rx`
  --> crates/vuc-events/src/timestamp_release.rs:19:18
   |
19 |         let (tx, rx) = mpsc::channel(1);
   |                  ^^ help: if this is intentional, prefix it with an underscore: `_rx`
   |
   = note: `#[warn(unused_variables)]` (part of `#[warn(unused)]`) on by default

warning: `vuc-events` (lib) generated 1 warning (run `cargo fix --lib -p vuc-events` to apply 1 suggestion)
       Fresh uvm-runtime v0.3.0 (/root/Slura/crates/vuc-reader/src/uvm/runtime)
warning: unused import: `hashbrown::HashMap as HashBrownMap`
  --> crates/vuc-reader/src/uvm/runtime/src/lib.rs:38:5
   |
38 | use hashbrown::HashMap as HashBrownMap;
   |     ^^^^^^^^^^^^^^^^^^^^^^^^^^^^^^^^^^
   |
   = note: `#[warn(unused_imports)]` (part of `#[warn(unused)]`) on by default

warning: unused doc comment
    --> crates/vuc-reader/src/uvm/runtime/src/lib.rs:1908:9
     |
1908 |           /// Allow clippy false positive for enum variant None
     |           ^^^^^^^^^^^^^^^^^^^^^^^^^^^^^^^^^^^^^^^^^^^^^^^^^^^^^
1909 |           #[allow(non_snake_case)]
1910 | /         match self.parent.prog {
1911 | |             Some(ulbf_elf) => self.parent.execute_ubf_program_secure(
1912 | |                 ulbf_elf,
1913 | |                 mem,
...    |
1922 | |             )),
1923 | |         }
     | |_________- rustdoc does not generate documentation for expressions
     |
     = help: use `//` for a plain comment
     = note: `#[warn(unused_doc_comments)]` (part of `#[warn(unused)]`) on by default

warning: variable does not need to be mutable
  --> crates/vuc-reader/src/uvm/runtime/src/interpreter.rs:39:9
   |
39 |     let mut arr: [AtomicU64; 256] = [const { AtomicU64::new(0) }; 256];
   |         ----^^^
   |         |
   |         help: remove this `mut`
   |
   = note: `#[warn(unused_mut)]` (part of `#[warn(unused)]`) on by default

warning: use of deprecated method `goblin::strtab::Strtab::<'a>::get`: Bad performance, use get_at() instead
   --> crates/vuc-reader/src/uvm/runtime/src/lib.rs:518:46
    |
518 |             .find(|sh| match elf.shdr_strtab.get(sh.sh_name) {
    |                                              ^^^
    |
    = note: `#[warn(deprecated)]` on by default

warning: use of deprecated method `goblin::strtab::Strtab::<'a>::get`: Bad performance, use get_at() instead
   --> crates/vuc-reader/src/uvm/runtime/src/lib.rs:531:46
    |
531 |             .find(|sh| match elf.shdr_strtab.get(sh.sh_name) {
    |                                              ^^^

warning: use of deprecated method `goblin::strtab::Strtab::<'a>::get`: Bad performance, use get_at() instead
   --> crates/vuc-reader/src/uvm/runtime/src/lib.rs:542:46
    |
542 |             .find(|sh| match elf.shdr_strtab.get(sh.sh_name) {
    |                                              ^^^

warning: use of deprecated method `goblin::strtab::Strtab::<'a>::get`: Bad performance, use get_at() instead
   --> crates/vuc-reader/src/uvm/runtime/src/lib.rs:558:46
    |
558 |             .find(|sh| match elf.shdr_strtab.get(sh.sh_name) {
    |                                              ^^^

warning: use of deprecated method `goblin::strtab::Strtab::<'a>::get`: Bad performance, use get_at() instead
   --> crates/vuc-reader/src/uvm/runtime/src/lib.rs:674:22
    |
674 |                     .get(sh.sh_name)
    |                      ^^^

warning: unused variable: `world_state`
   --> crates/vuc-reader/src/uvm/runtime/src/interpreter.rs:566:19
    |
566 | fn get_block_hash(world_state: &UvmWorldState, block_number: u256) -> Option<[u8; 32]> {
    |                   ^^^^^^^^^^^ help: if this is intentional, prefix it with an underscore: `_world_state`
    |
    = note: `#[warn(unused_variables)]` (part of `#[warn(unused)]`) on by default

warning: unused variable: `block_number`
   --> crates/vuc-reader/src/uvm/runtime/src/interpreter.rs:566:48
    |
566 | fn get_block_hash(world_state: &UvmWorldState, block_number: u256) -> Option<[u8; 32]> {
    |                                                ^^^^^^^^^^^^ help: if this is intentional, prefix it with an underscore: `_block_number`

warning: unused variable: `mem`
   --> crates/vuc-reader/src/uvm/runtime/src/interpreter.rs:910:5
    |
910 |     mem: &[u8],
    |     ^^^ help: if this is intentional, prefix it with an underscore: `_mem`

warning: unused variable: `mbuff`
   --> crates/vuc-reader/src/uvm/runtime/src/interpreter.rs:911:5
    |
911 |     mbuff: &[u8],
    |     ^^^^^ help: if this is intentional, prefix it with an underscore: `_mbuff`

warning: unused variable: `allowed_memory`
   --> crates/vuc-reader/src/uvm/runtime/src/interpreter.rs:913:5
    |
913 |     allowed_memory: &HashSet<Range<u64>>,
    |     ^^^^^^^^^^^^^^ help: if this is intentional, prefix it with an underscore: `_allowed_memory`

warning: unused variable: `ret_type`
   --> crates/vuc-reader/src/uvm/runtime/src/interpreter.rs:914:5
    |
914 |     ret_type: Option<&str>,
    |     ^^^^^^^^ help: if this is intentional, prefix it with an underscore: `_ret_type`

warning: unused variable: `exports`
   --> crates/vuc-reader/src/uvm/runtime/src/interpreter.rs:915:5
    |
915 |     exports: &HashMap<u32, usize>,
    |     ^^^^^^^ help: if this is intentional, prefix it with an underscore: `_exports`

warning: unused variable: `stack_usage`
    --> crates/vuc-reader/src/uvm/runtime/src/interpreter.rs:1077:9
     |
1077 |     let stack_usage = stack_usage.unwrap_or(&default_stack_usage);
     |         ^^^^^^^^^^^ help: if this is intentional, prefix it with an underscore: `_stack_usage`

warning: variable `instruction_count` is assigned to, but never used
    --> crates/vuc-reader/src/uvm/runtime/src/interpreter.rs:1146:9
     |
1146 |     let mut instruction_count = 0u64;
     |         ^^^^^^^^^^^^^^^^^^^^^
     |
     = note: consider using `_instruction_count` instead

warning: unused variable: `quotient`
    --> crates/vuc-reader/src/uvm/runtime/src/interpreter.rs:1288:26
     |
1288 |                     let (quotient, remainder) = sum.div_mod(n);
     |                          ^^^^^^^^ help: if this is intentional, prefix it with an underscore: `_quotient`

warning: value assigned to `instruction_count` is never read
    --> crates/vuc-reader/src/uvm/runtime/src/interpreter.rs:2843:9
     |
2843 |         instruction_count += 1;
     |         ^^^^^^^^^^^^^^^^^^^^^^
     |
     = help: maybe it is overwritten before being read?
     = note: `#[warn(unused_assignments)]` (part of `#[warn(unused)]`) on by default

warning: value assigned to `skip_advance` is never read
    --> crates/vuc-reader/src/uvm/runtime/src/interpreter.rs:2837:13
     |
2837 |             skip_advance = false;
     |             ^^^^^^^^^^^^^^^^^^^^
     |
     = help: maybe it is overwritten before being read?

warning: function `decode_storage_map` is never used
  --> crates/vuc-reader/src/uvm/runtime/src/interpreter.rs:44:4
   |
44 | fn decode_storage_map(storage: &HashMap<String, Vec<u8>>) -> serde_json::Map<String, JsonValue> {
   |    ^^^^^^^^^^^^^^^^^^
   |
   = note: `#[warn(dead_code)]` (part of `#[warn(unused)]`) on by default

warning: function `decode_bytes_heuristic` is never used
  --> crates/vuc-reader/src/uvm/runtime/src/interpreter.rs:78:4
   |
78 | fn decode_bytes_heuristic(bytes: &[u8]) -> Option<JsonValue> {
   |    ^^^^^^^^^^^^^^^^^^^^^^

warning: enum `MemoryOffsetType` is never used
   --> crates/vuc-reader/src/uvm/runtime/src/interpreter.rs:222:6
    |
222 | enum MemoryOffsetType {
    |      ^^^^^^^^^^^^^^^^

warning: function `consume_gas` is never used
   --> crates/vuc-reader/src/uvm/runtime/src/interpreter.rs:406:4
    |
406 | fn consume_gas(_context: &mut UvmExecutionContext, _opcode: u8) -> Result<(), Error> {
    |    ^^^^^^^^^^^

warning: function `check_mem` is never used
   --> crates/vuc-reader/src/uvm/runtime/src/interpreter.rs:572:4
    |
572 | fn check_mem(
    |    ^^^^^^^^^

warning: function `detect_validation_error` is never used
   --> crates/vuc-reader/src/uvm/runtime/src/interpreter.rs:625:4
    |
625 | fn detect_validation_error(data: &[u8], len: usize) -> bool {
    |    ^^^^^^^^^^^^^^^^^^^^^^^

warning: function `analyze_revert_context` is never used
   --> crates/vuc-reader/src/uvm/runtime/src/interpreter.rs:726:4
    |
726 | fn analyze_revert_context(data: &[u8], len: usize) -> (bool, String) {
    |    ^^^^^^^^^^^^^^^^^^^^^^

warning: function `encode_uip10_address_to_u64` is never used
   --> crates/vuc-reader/src/uvm/runtime/src/interpreter.rs:789:4
    |
789 | fn encode_uip10_address_to_u64(addr: &str) -> u64 {
    |    ^^^^^^^^^^^^^^^^^^^^^^^^^^^

warning: constant `U32MAX` is never used
   --> crates/vuc-reader/src/uvm/runtime/src/interpreter.rs:920:11
    |
920 |     const U32MAX: u256 = u256([u32::MAX as u64, 0, 0, 0]);
    |           ^^^^^^

warning: constant `SHIFT_MASK_64` is never used
   --> crates/vuc-reader/src/uvm/runtime/src/interpreter.rs:921:11
    |
921 |     const SHIFT_MASK_64: u256 = u256([0x3f, 0, 0, 0]);
    |           ^^^^^^^^^^^^^

warning: constant `IR_STOP` is never used
   --> crates/vuc-reader/src/uvm/runtime/src/interpreter.rs:924:11
    |
924 |     const IR_STOP: u64 = 1;
    |           ^^^^^^^

warning: constant `IR_RETURN` is never used
   --> crates/vuc-reader/src/uvm/runtime/src/interpreter.rs:925:11
    |
925 |     const IR_RETURN: u64 = 2;
    |           ^^^^^^^^^

warning: constant `IR_SELFDESTRUCT` is never used
   --> crates/vuc-reader/src/uvm/runtime/src/interpreter.rs:926:11
    |
926 |     const IR_SELFDESTRUCT: u64 = 3;
    |           ^^^^^^^^^^^^^^^

warning: constant `IR_REVERT` is never used
   --> crates/vuc-reader/src/uvm/runtime/src/interpreter.rs:927:11
    |
927 |     const IR_REVERT: u64 = 0x10;
    |           ^^^^^^^^^

warning: constant `IR_OUT_OF_GAS` is never used
   --> crates/vuc-reader/src/uvm/runtime/src/interpreter.rs:930:11
    |
930 |     const IR_OUT_OF_GAS: u64 = 0x20;
    |           ^^^^^^^^^^^^^

warning: constant `IR_OPCODE_NOT_FOUND` is never used
   --> crates/vuc-reader/src/uvm/runtime/src/interpreter.rs:931:11
    |
931 |     const IR_OPCODE_NOT_FOUND: u64 = 0x26;
    |           ^^^^^^^^^^^^^^^^^^^

warning: constant `IR_STACK_UNDERFLOW` is never used
   --> crates/vuc-reader/src/uvm/runtime/src/interpreter.rs:933:11
    |
933 |     const IR_STACK_UNDERFLOW: u64 = 0x2c;
    |           ^^^^^^^^^^^^^^^^^^

warning: constant `IR_STACK_OVERFLOW` is never used
   --> crates/vuc-reader/src/uvm/runtime/src/interpreter.rs:934:11
    |
934 |     const IR_STACK_OVERFLOW: u64 = 0x2d;
    |           ^^^^^^^^^^^^^^^^^

warning: constant `IR_OUT_OF_OFFSET` is never used
   --> crates/vuc-reader/src/uvm/runtime/src/interpreter.rs:935:11
    |
935 |     const IR_OUT_OF_OFFSET: u64 = 0x2e;
    |           ^^^^^^^^^^^^^^^^

warning: function `halt_json` is never used
   --> crates/vuc-reader/src/uvm/runtime/src/interpreter.rs:945:8
    |
945 |     fn halt_json(
    |        ^^^^^^^^^

warning: hiding a lifetime that's elided elsewhere is confusing
   --> crates/vuc-reader/src/uvm/runtime/src/insn_builder.rs:113:16
    |
113 |     pub fn add(&mut self, source: Source, arch: Arch) -> Move {
    |                ^^^^^^^^^ the lifetime is elided here     ^^^^ the same lifetime is hidden here
    |
    = help: the same lifetime is referred to in inconsistent ways, making the signature confusing
    = note: `#[warn(mismatched_lifetime_syntaxes)]` on by default
help: use `'_` for type paths
    |
113 |     pub fn add(&mut self, source: Source, arch: Arch) -> Move<'_> {
    |                                                              ++++

warning: hiding a lifetime that's elided elsewhere is confusing
   --> crates/vuc-reader/src/uvm/runtime/src/insn_builder.rs:118:16
    |
118 |     pub fn sub(&mut self, source: Source, arch: Arch) -> Move {
    |                ^^^^^^^^^ the lifetime is elided here     ^^^^ the same lifetime is hidden here
    |
    = help: the same lifetime is referred to in inconsistent ways, making the signature confusing
help: use `'_` for type paths
    |
118 |     pub fn sub(&mut self, source: Source, arch: Arch) -> Move<'_> {
    |                                                              ++++

warning: hiding a lifetime that's elided elsewhere is confusing
   --> crates/vuc-reader/src/uvm/runtime/src/insn_builder.rs:123:16
    |
123 |     pub fn mul(&mut self, source: Source, arch: Arch) -> Move {
    |                ^^^^^^^^^ the lifetime is elided here     ^^^^ the same lifetime is hidden here
    |
    = help: the same lifetime is referred to in inconsistent ways, making the signature confusing
help: use `'_` for type paths
    |
123 |     pub fn mul(&mut self, source: Source, arch: Arch) -> Move<'_> {
    |                                                              ++++

warning: hiding a lifetime that's elided elsewhere is confusing
   --> crates/vuc-reader/src/uvm/runtime/src/insn_builder.rs:128:16
    |
128 |     pub fn div(&mut self, source: Source, arch: Arch) -> Move {
    |                ^^^^^^^^^ the lifetime is elided here     ^^^^ the same lifetime is hidden here
    |
    = help: the same lifetime is referred to in inconsistent ways, making the signature confusing
help: use `'_` for type paths
    |
128 |     pub fn div(&mut self, source: Source, arch: Arch) -> Move<'_> {
    |                                                              ++++

warning: hiding a lifetime that's elided elsewhere is confusing
   --> crates/vuc-reader/src/uvm/runtime/src/insn_builder.rs:133:19
    |
133 |     pub fn bit_or(&mut self, source: Source, arch: Arch) -> Move {
    |                   ^^^^^^^^^ the lifetime is elided here     ^^^^ the same lifetime is hidden here
    |
    = help: the same lifetime is referred to in inconsistent ways, making the signature confusing
help: use `'_` for type paths
    |
133 |     pub fn bit_or(&mut self, source: Source, arch: Arch) -> Move<'_> {
    |                                                                 ++++

warning: hiding a lifetime that's elided elsewhere is confusing
   --> crates/vuc-reader/src/uvm/runtime/src/insn_builder.rs:138:20
    |
138 |     pub fn bit_and(&mut self, source: Source, arch: Arch) -> Move {
    |                    ^^^^^^^^^ the lifetime is elided here     ^^^^ the same lifetime is hidden here
    |
    = help: the same lifetime is referred to in inconsistent ways, making the signature confusing
help: use `'_` for type paths
    |
138 |     pub fn bit_and(&mut self, source: Source, arch: Arch) -> Move<'_> {
    |                                                                  ++++

warning: hiding a lifetime that's elided elsewhere is confusing
   --> crates/vuc-reader/src/uvm/runtime/src/insn_builder.rs:143:23
    |
143 |     pub fn left_shift(&mut self, source: Source, arch: Arch) -> Move {
    |                       ^^^^^^^^^ the lifetime is elided here     ^^^^ the same lifetime is hidden here
    |
    = help: the same lifetime is referred to in inconsistent ways, making the signature confusing
help: use `'_` for type paths
    |
143 |     pub fn left_shift(&mut self, source: Source, arch: Arch) -> Move<'_> {
    |                                                                     ++++

warning: hiding a lifetime that's elided elsewhere is confusing
   --> crates/vuc-reader/src/uvm/runtime/src/insn_builder.rs:148:24
    |
148 |     pub fn right_shift(&mut self, source: Source, arch: Arch) -> Move {
    |                        ^^^^^^^^^ the lifetime is elided here     ^^^^ the same lifetime is hidden here
    |
    = help: the same lifetime is referred to in inconsistent ways, making the signature confusing
help: use `'_` for type paths
    |
148 |     pub fn right_shift(&mut self, source: Source, arch: Arch) -> Move<'_> {
    |                                                                      ++++

warning: hiding a lifetime that's elided elsewhere is confusing
   --> crates/vuc-reader/src/uvm/runtime/src/insn_builder.rs:153:19
    |
153 |     pub fn negate(&mut self, arch: Arch) -> Move {
    |                   ^^^^^^^^^                 ^^^^ the same lifetime is hidden here
    |                   |
    |                   the lifetime is elided here
    |
    = help: the same lifetime is referred to in inconsistent ways, making the signature confusing
help: use `'_` for type paths
    |
153 |     pub fn negate(&mut self, arch: Arch) -> Move<'_> {
    |                                                 ++++

warning: hiding a lifetime that's elided elsewhere is confusing
   --> crates/vuc-reader/src/uvm/runtime/src/insn_builder.rs:158:19
    |
158 |     pub fn modulo(&mut self, source: Source, arch: Arch) -> Move {
    |                   ^^^^^^^^^ the lifetime is elided here     ^^^^ the same lifetime is hidden here
    |
    = help: the same lifetime is referred to in inconsistent ways, making the signature confusing
help: use `'_` for type paths
    |
158 |     pub fn modulo(&mut self, source: Source, arch: Arch) -> Move<'_> {
    |                                                                 ++++

warning: hiding a lifetime that's elided elsewhere is confusing
   --> crates/vuc-reader/src/uvm/runtime/src/insn_builder.rs:163:20
    |
163 |     pub fn bit_xor(&mut self, source: Source, arch: Arch) -> Move {
    |                    ^^^^^^^^^ the lifetime is elided here     ^^^^ the same lifetime is hidden here
    |
    = help: the same lifetime is referred to in inconsistent ways, making the signature confusing
help: use `'_` for type paths
    |
163 |     pub fn bit_xor(&mut self, source: Source, arch: Arch) -> Move<'_> {
    |                                                                  ++++

warning: hiding a lifetime that's elided elsewhere is confusing
   --> crates/vuc-reader/src/uvm/runtime/src/insn_builder.rs:168:16
    |
168 |     pub fn mov(&mut self, source: Source, arch: Arch) -> Move {
    |                ^^^^^^^^^ the lifetime is elided here     ^^^^ the same lifetime is hidden here
    |
    = help: the same lifetime is referred to in inconsistent ways, making the signature confusing
help: use `'_` for type paths
    |
168 |     pub fn mov(&mut self, source: Source, arch: Arch) -> Move<'_> {
    |                                                              ++++

warning: hiding a lifetime that's elided elsewhere is confusing
   --> crates/vuc-reader/src/uvm/runtime/src/insn_builder.rs:173:31
    |
173 |     pub fn signed_right_shift(&mut self, source: Source, arch: Arch) -> Move {
    |                               ^^^^^^^^^ the lifetime is elided here     ^^^^ the same lifetime is hidden here
    |
    = help: the same lifetime is referred to in inconsistent ways, making the signature confusing
help: use `'_` for type paths
    |
173 |     pub fn signed_right_shift(&mut self, source: Source, arch: Arch) -> Move<'_> {
    |                                                                             ++++

warning: hiding a lifetime that's elided elsewhere is confusing
   --> crates/vuc-reader/src/uvm/runtime/src/insn_builder.rs:178:21
    |
178 |     fn mov_internal(&mut self, source: Source, arch_bits: Arch, op_bits: OpBits) -> Move {
    |                     ^^^^^^^^^ the lifetime is elided here                           ^^^^ the same lifetime is hidden here
    |
    = help: the same lifetime is referred to in inconsistent ways, making the signature confusing
help: use `'_` for type paths
    |
178 |     fn mov_internal(&mut self, source: Source, arch_bits: Arch, op_bits: OpBits) -> Move<'_> {
    |                                                                                         ++++

warning: hiding a lifetime that's elided elsewhere is confusing
   --> crates/vuc-reader/src/uvm/runtime/src/insn_builder.rs:195:23
    |
195 |     pub fn swap_bytes(&mut self, endian: Endian) -> SwapBytes {
    |                       ^^^^^^^^^                     ^^^^^^^^^ the same lifetime is hidden here
    |                       |
    |                       the lifetime is elided here
    |
    = help: the same lifetime is referred to in inconsistent ways, making the signature confusing
help: use `'_` for type paths
    |
195 |     pub fn swap_bytes(&mut self, endian: Endian) -> SwapBytes<'_> {
    |                                                              ++++

warning: hiding a lifetime that's elided elsewhere is confusing
   --> crates/vuc-reader/src/uvm/runtime/src/insn_builder.rs:210:17
    |
210 |     pub fn load(&mut self, mem_size: MemSize) -> Load {
    |                 ^^^^^^^^^                        ^^^^ the same lifetime is hidden here
    |                 |
    |                 the lifetime is elided here
    |
    = help: the same lifetime is referred to in inconsistent ways, making the signature confusing
help: use `'_` for type paths
    |
210 |     pub fn load(&mut self, mem_size: MemSize) -> Load<'_> {
    |                                                      ++++

warning: hiding a lifetime that's elided elsewhere is confusing
   --> crates/vuc-reader/src/uvm/runtime/src/insn_builder.rs:215:21
    |
215 |     pub fn load_abs(&mut self, mem_size: MemSize) -> Load {
    |                     ^^^^^^^^^                        ^^^^ the same lifetime is hidden here
    |                     |
    |                     the lifetime is elided here
    |
    = help: the same lifetime is referred to in inconsistent ways, making the signature confusing
help: use `'_` for type paths
    |
215 |     pub fn load_abs(&mut self, mem_size: MemSize) -> Load<'_> {
    |                                                          ++++

warning: hiding a lifetime that's elided elsewhere is confusing
   --> crates/vuc-reader/src/uvm/runtime/src/insn_builder.rs:220:21
    |
220 |     pub fn load_ind(&mut self, mem_size: MemSize) -> Load {
    |                     ^^^^^^^^^                        ^^^^ the same lifetime is hidden here
    |                     |
    |                     the lifetime is elided here
    |
    = help: the same lifetime is referred to in inconsistent ways, making the signature confusing
help: use `'_` for type paths
    |
220 |     pub fn load_ind(&mut self, mem_size: MemSize) -> Load<'_> {
    |                                                          ++++

warning: hiding a lifetime that's elided elsewhere is confusing
   --> crates/vuc-reader/src/uvm/runtime/src/insn_builder.rs:225:19
    |
225 |     pub fn load_x(&mut self, mem_size: MemSize) -> Load {
    |                   ^^^^^^^^^                        ^^^^ the same lifetime is hidden here
    |                   |
    |                   the lifetime is elided here
    |
    = help: the same lifetime is referred to in inconsistent ways, making the signature confusing
help: use `'_` for type paths
    |
225 |     pub fn load_x(&mut self, mem_size: MemSize) -> Load<'_> {
    |                                                        ++++

warning: hiding a lifetime that's elided elsewhere is confusing
   --> crates/vuc-reader/src/uvm/runtime/src/insn_builder.rs:230:22
    |
230 |     fn load_internal(&mut self, mem_size: MemSize, addressing: Addressing, source: u8) -> Load {
    |                      ^^^^^^^^^ the lifetime is elided here                                ^^^^ the same lifetime is hidden here
    |
    = help: the same lifetime is referred to in inconsistent ways, making the signature confusing
help: use `'_` for type paths
    |
230 |     fn load_internal(&mut self, mem_size: MemSize, addressing: Addressing, source: u8) -> Load<'_> {
    |                                                                                               ++++

warning: hiding a lifetime that's elided elsewhere is confusing
   --> crates/vuc-reader/src/uvm/runtime/src/insn_builder.rs:247:18
    |
247 |     pub fn store(&mut self, mem_size: MemSize) -> Store {
    |                  ^^^^^^^^^                        ^^^^^ the same lifetime is hidden here
    |                  |
    |                  the lifetime is elided here
    |
    = help: the same lifetime is referred to in inconsistent ways, making the signature confusing
help: use `'_` for type paths
    |
247 |     pub fn store(&mut self, mem_size: MemSize) -> Store<'_> {
    |                                                        ++++

warning: hiding a lifetime that's elided elsewhere is confusing
   --> crates/vuc-reader/src/uvm/runtime/src/insn_builder.rs:252:20
    |
252 |     pub fn store_x(&mut self, mem_size: MemSize) -> Store {
    |                    ^^^^^^^^^                        ^^^^^ the same lifetime is hidden here
    |                    |
    |                    the lifetime is elided here
    |
    = help: the same lifetime is referred to in inconsistent ways, making the signature confusing
help: use `'_` for type paths
    |
252 |     pub fn store_x(&mut self, mem_size: MemSize) -> Store<'_> {
    |                                                          ++++

warning: hiding a lifetime that's elided elsewhere is confusing
   --> crates/vuc-reader/src/uvm/runtime/src/insn_builder.rs:257:23
    |
257 |     fn store_internal(&mut self, mem_size: MemSize, source: u8) -> Store {
    |                       ^^^^^^^^^ the lifetime is elided here        ^^^^^ the same lifetime is hidden here
    |
    = help: the same lifetime is referred to in inconsistent ways, making the signature confusing
help: use `'_` for type paths
    |
257 |     fn store_internal(&mut self, mem_size: MemSize, source: u8) -> Store<'_> {
    |                                                                         ++++

warning: hiding a lifetime that's elided elsewhere is confusing
   --> crates/vuc-reader/src/uvm/runtime/src/insn_builder.rs:273:31
    |
273 |     pub fn jump_unconditional(&mut self) -> Jump {
    |                               ^^^^^^^^^     ^^^^ the same lifetime is hidden here
    |                               |
    |                               the lifetime is elided here
    |
    = help: the same lifetime is referred to in inconsistent ways, making the signature confusing
help: use `'_` for type paths
    |
273 |     pub fn jump_unconditional(&mut self) -> Jump<'_> {
    |                                                 ++++

warning: hiding a lifetime that's elided elsewhere is confusing
   --> crates/vuc-reader/src/uvm/runtime/src/insn_builder.rs:278:29
    |
278 |     pub fn jump_conditional(&mut self, cond: Cond, src_bit: Source) -> Jump {
    |                             ^^^^^^^^^ the lifetime is elided here      ^^^^ the same lifetime is hidden here
    |
    = help: the same lifetime is referred to in inconsistent ways, making the signature confusing
help: use `'_` for type paths
    |
278 |     pub fn jump_conditional(&mut self, cond: Cond, src_bit: Source) -> Jump<'_> {
    |                                                                            ++++

warning: hiding a lifetime that's elided elsewhere is confusing
   --> crates/vuc-reader/src/uvm/runtime/src/insn_builder.rs:294:17
    |
294 |     pub fn call(&mut self) -> FunctionCall {
    |                 ^^^^^^^^^     ^^^^^^^^^^^^ the same lifetime is hidden here
    |                 |
    |                 the lifetime is elided here
    |
    = help: the same lifetime is referred to in inconsistent ways, making the signature confusing
help: use `'_` for type paths
    |
294 |     pub fn call(&mut self) -> FunctionCall<'_> {
    |                                           ++++

warning: hiding a lifetime that's elided elsewhere is confusing
   --> crates/vuc-reader/src/uvm/runtime/src/insn_builder.rs:308:17
    |
308 |     pub fn exit(&mut self) -> Exit {
    |                 ^^^^^^^^^     ^^^^ the same lifetime is hidden here
    |                 |
    |                 the lifetime is elided here
    |
    = help: the same lifetime is referred to in inconsistent ways, making the signature confusing
help: use `'_` for type paths
    |
308 |     pub fn exit(&mut self) -> Exit<'_> {
    |                                   ++++

warning: creating a shared reference to mutable static
   --> crates/vuc-reader/src/uvm/runtime/src/interpreter.rs:884:29
    |
884 |     let json_ptr = unsafe { JSON_BUFFER.as_ptr() as u64 };
    |                             ^^^^^^^^^^^^^^^^^^^^ shared reference to mutable static
    |
    = note: for more information, see <https://doc.rust-lang.org/edition-guide/rust-2024/static-mut-references.html>
    = note: shared references to mutable statics are dangerous; it's undefined behavior if the static is mutated or if a mutable reference is created for it while the shared reference lives
    = note: `#[warn(static_mut_refs)]` (part of `#[warn(rust_2024_compatibility)]`) on by default

warning: `uvm-runtime` (lib) generated 68 warnings (run `cargo fix --lib -p uvm-runtime` to apply 38 suggestions)
       Fresh ethers-contract v2.0.14
       Fresh reth-trie-sparse v1.9.1 (https://github.com/paradigmxyz/reth.git?tag=v1.9.1#3afe69a5)
       Fresh ethers-signers v2.0.14
       Fresh jsonrpsee-client-transport v0.26.0
       Fresh hyper-rustls v0.27.7
       Fresh reth-stages-types v1.9.1 (https://github.com/paradigmxyz/reth.git?tag=v1.9.1#3afe69a5)
       Fresh ethers-etherscan v2.0.14
       Fresh vuc-types v0.0.1 (/root/Slura/crates/vuc-types)
warning: use of deprecated function `base64::encode`: Use Engine::encode
 --> crates/vuc-types/src/tx_op.rs:3:13
  |
3 | use base64::encode as Base64_encode;
  |             ^^^^^^
  |
  = note: `#[warn(deprecated)]` on by default

warning: use of deprecated function `base64::encode`: Use Engine::encode
  --> crates/vuc-types/src/tx_op.rs:65:23
   |
65 |         let flowing = Base64_encode("lens".as_bytes());
   |                       ^^^^^^^^^^^^^

warning: unused variable: `sequence_number`
 --> crates/vuc-types/src/messages_checkpoint.rs:9:20
  |
9 |         pub fn new(sequence_number: CheckpointSequenceNumber, data: Vec<u8>) -> Self {
  |                    ^^^^^^^^^^^^^^^ help: if this is intentional, prefix it with an underscore: `_sequence_number`
  |
  = note: `#[warn(unused_variables)]` (part of `#[warn(unused)]`) on by default

warning: `vuc-types` (lib) generated 3 warnings (run `cargo fix --lib -p vuc-types` to apply 1 suggestion)
       Fresh neli-proc-macros v0.1.4
       Fresh crossbeam-queue v0.3.12
       Fresh crossbeam-channel v0.5.15
       Fresh futures-locks v0.7.1
       Fresh vuc-common v0.0.1 (/root/Slura/crates/vuc-common)
       Fresh route-recognizer v0.3.1
       Fresh hashbrown v0.14.5
       Fresh clap_lex v1.0.0
       Fresh clap_builder v4.5.60
       Fresh dashmap v6.1.0
       Fresh jsonrpsee-server v0.26.0
       Fresh vuc-core v0.1.0 (/root/Slura/crates/vuc-core)
warning: unused import: `tokio::runtime`
 --> crates/vuc-core/src/service/slurachain_service.rs:1:5
  |
1 | use tokio::runtime;
  |     ^^^^^^^^^^^^^^
  |
  = note: `#[warn(unused_imports)]` (part of `#[warn(unused)]`) on by default

warning: type `slurachainService` should have an upper camel case name
  --> crates/vuc-core/src/service/slurachain_service.rs:67:12
   |
67 | pub struct slurachainService {
   |            ^^^^^^^^^^^^^^^^^ help: convert the identifier to upper camel case (notice the capitalization): `SlurachainService`
   |
   = note: `#[warn(non_camel_case_types)]` (part of `#[warn(nonstandard_style)]`) on by default

warning: `vuc-core` (lib) generated 2 warnings (run `cargo fix --lib -p vuc-core` to apply 1 suggestion)
       Fresh ethers-middleware v2.0.14
       Fresh crossbeam v0.8.4
       Fresh neli v0.6.5
       Fresh reth-trie v1.9.1 (https://github.com/paradigmxyz/reth.git?tag=v1.9.1#3afe69a5)
       Fresh jsonrpsee-http-client v0.26.0
       Fresh jsonrpsee-ws-client v0.26.0
       Fresh sys-info v0.9.1
       Fresh matchers v0.0.1
       Fresh async-compression v0.4.41
       Fresh prometheus v0.13.4
       Fresh reth-ethereum-forks v1.9.1 (https://github.com/paradigmxyz/reth.git?tag=v1.9.1#3afe69a5)
       Fresh ethers-addressbook v2.0.14
       Fresh reth-ethereum-primitives v1.9.1 (https://github.com/paradigmxyz/reth.git?tag=v1.9.1#3afe69a5)
       Fresh sharded-slab v0.1.7
       Fresh bstr v1.12.1
       Fresh triomphe v0.1.15
       Fresh bcs v0.1.6
       Fresh tracing-log v0.1.4
       Fresh rlp v0.6.1
       Fresh jsonrpsee-proc-macros v0.26.0
       Fresh clap_derive v4.5.55
       Fresh tracing-serde v0.1.3
       Fresh thread_local v1.1.9
       Fresh reth-trie-common v0.0.0
       Fresh ansi_term v0.12.1
       Fresh vuc-tx v0.0.1 (/root/Slura/crates/vuc-tx)
warning: variable does not need to be mutable
   --> crates/vuc-tx/src/slurachain_vm.rs:105:21
    |
105 |                 let mut retry_tx = original_transactions[i].clone();
    |                     ----^^^^^^^^
    |                     |
    |                     help: remove this `mut`
    |
    = note: `#[warn(unused_mut)]` (part of `#[warn(unused)]`) on by default

warning: variable does not need to be mutable
   --> crates/vuc-tx/src/slurachain_vm.rs:432:17
    |
432 |             let mut vm_guard = self.vm.lock().await;
    |                 ----^^^^^^^^
    |                 |
    |                 help: remove this `mut`

warning: variable does not need to be mutable
    --> crates/vuc-tx/src/slurachain_vm.rs:1849:13
     |
1849 |         let mut mbuff: Vec<u8> = Vec::new();
     |             ----^^^^^
     |             |
     |             help: remove this `mut`

warning: variable does not need to be mutable
    --> crates/vuc-tx/src/slurachain_vm.rs:2035:21
     |
2035 |                 let mut interpreter = self.interpreter.lock().await;
     |                     ----^^^^^^^^^^^
     |                     |
     |                     help: remove this `mut`

warning: variable does not need to be mutable
    --> crates/vuc-tx/src/slurachain_vm.rs:2124:17
     |
2124 |             let mut interpreter = self.interpreter.lock().await;
     |                 ----^^^^^^^^^^^
     |                 |
     |                 help: remove this `mut`

warning: unused import: `Hasher`
  --> crates/vuc-tx/src/slurachain_vm.rs:10:23
   |
10 | use std::hash::{Hash, Hasher};
   |                       ^^^^^^
   |
   = note: `#[warn(unused_imports)]` (part of `#[warn(unused)]`) on by default

warning: unused import: `FutureExt`
 --> crates/vuc-tx/src/slurachain_vm.rs:4:33
  |
4 | use futures::{future::join_all, FutureExt};
  |                                 ^^^^^^^^^

warning: unused variable: `initial_storage`
    --> crates/vuc-tx/src/slurachain_vm.rs:1845:9
     |
1845 |         initial_storage: Option<HashMap<String, HashMap<String, Vec<u8>>>>,
     |         ^^^^^^^^^^^^^^^ help: if this is intentional, prefix it with an underscore: `_initial_storage`
     |
     = note: `#[warn(unused_variables)]` (part of `#[warn(unused)]`) on by default

warning: unused variable: `mbuff`
    --> crates/vuc-tx/src/slurachain_vm.rs:1849:13
     |
1849 |         let mut mbuff: Vec<u8> = Vec::new();
     |             ^^^^^^^^^ help: if this is intentional, prefix it with an underscore: `_mbuff`

warning: unused variable: `interpreter`
    --> crates/vuc-tx/src/slurachain_vm.rs:2035:21
     |
2035 |                 let mut interpreter = self.interpreter.lock().await;
     |                     ^^^^^^^^^^^^^^^ help: if this is intentional, prefix it with an underscore: `_interpreter`

warning: unused variable: `interpreter`
    --> crates/vuc-tx/src/slurachain_vm.rs:2124:17
     |
2124 |             let mut interpreter = self.interpreter.lock().await;
     |                 ^^^^^^^^^^^^^^^ help: if this is intentional, prefix it with an underscore: `_interpreter`

warning: variable does not need to be mutable
  --> crates/vuc-tx/src/slura_merkle.rs:28:13
   |
28 |         let mut hex_part = parts
   |             ----^^^^^^^^
   |             |
   |             help: remove this `mut`

warning: methods `record_transaction_access_pattern` and `get_committed_version` are never used
   --> crates/vuc-tx/src/slurachain_vm.rs:321:14
    |
 75 | impl OptimisticParallelEngine {
    | ----------------------------- methods in this implementation
...
321 |     async fn record_transaction_access_pattern(&self, tx: &ParallelTransaction) {
    |              ^^^^^^^^^^^^^^^^^^^^^^^^^^^^^^^^^
...
462 |     async fn get_committed_version(&self, contract: &str) -> u64 {
    |              ^^^^^^^^^^^^^^^^^^^^^
    |
    = note: `#[warn(dead_code)]` (part of `#[warn(unused)]`) on by default

warning: multiple associated items are never used
    --> crates/vuc-tx/src/slurachain_vm.rs:1779:14
     |
 858 | impl SlurachainVm {
     | ----------------- associated items in this implementation
...
1779 |     async fn is_proxy_contract(&self, contract_address: &str) -> bool {
     |              ^^^^^^^^^^^^^^^^^
...
1794 |     async fn get_implementation_address(&self, proxy_address: &str) -> Option<String> {
     |              ^^^^^^^^^^^^^^^^^^^^^^^^^^
...
1828 |     async fn validate_implementation_address(&self, impl_address: &str) -> bool {
     |              ^^^^^^^^^^^^^^^^^^^^^^^^^^^^^^^
...
2376 |     async fn lookup_value_from_resources(
     |              ^^^^^^^^^^^^^^^^^^^^^^^^^^^
...
2406 |     fn find_in_storage_slots(&self, account: &AccountState, key: &str) -> Option<NerenaValue> {
     |        ^^^^^^^^^^^^^^^^^^^^^
...
2422 |     fn decode_storage_slot_generically(
     |        ^^^^^^^^^^^^^^^^^^^^^^^^^^^^^^^
...
2470 |     fn matches_key_semantics(&self, key: &str, value: &serde_json::Value) -> bool {
     |        ^^^^^^^^^^^^^^^^^^^^^
...
2503 |     fn looks_like_address(&self, addr: &str) -> bool {
     |        ^^^^^^^^^^^^^^^^^^
...
2606 |     fn normalize_storage_json_value(value: &serde_json::Value) -> serde_json::Value {
     |        ^^^^^^^^^^^^^^^^^^^^^^^^^^^^

warning: unused `Result` that must be used
   --> crates/vuc-tx/src/slurachain_vm.rs:358:21
    |
358 |                     self.commit_transaction_changes(&tx).await;
    |                     ^^^^^^^^^^^^^^^^^^^^^^^^^^^^^^^^^^^^^^^^^^
    |
    = note: this `Result` may be an `Err` variant, which should be handled
    = note: `#[warn(unused_must_use)]` (part of `#[warn(unused)]`) on by default
help: use `let _ = ...` to ignore the resulting value
    |
358 |                     let _ = self.commit_transaction_changes(&tx).await;
    |                     +++++++

warning: comparison is useless due to type limits
    --> crates/vuc-tx/src/slurachain_vm.rs:2491:21
     |
2491 |                     n.as_u64().unwrap_or(0) >= 0
     |                     ^^^^^^^^^^^^^^^^^^^^^^^^^^^^
     |
     = note: `#[warn(unused_comparisons)]` on by default

warning: comparison is useless due to type limits
    --> crates/vuc-tx/src/slurachain_vm.rs:2494:21
     |
2494 |                     val >= 0 && val <= 36
     |                     ^^^^^^^^

warning: `vuc-tx` (lib) generated 17 warnings (run `cargo fix --lib -p vuc-tx` to apply 10 suggestions)
       Fresh tracing-subscriber v0.2.25
       Fresh clap v4.5.60
       Fresh jsonrpsee v0.26.0
       Fresh reth-primitives v1.9.1 (https://github.com/paradigmxyz/reth.git?tag=v1.9.1#3afe69a5)
       Fresh ethers v2.0.14
       Fresh tower-http v0.6.8
       Fresh local-ip-address v0.5.7
       Fresh miniz_oxide v0.9.0
       Fresh base64-url v3.0.2
       Fresh ipnetwork v0.20.0
       Fresh sha_256 v1.0.1
       Fresh dotenv v0.15.0
warning: unused import: `alloy_primitives::B256`
 --> crates/vuc-platform/src/consensus/lurosonie_manager.rs:3:5
  |
3 | use alloy_primitives::B256;
  |     ^^^^^^^^^^^^^^^^^^^^^^
  |
  = note: `#[warn(unused_imports)]` (part of `#[warn(unused)]`) on by default

warning: unused import: `base64::engine::general_purpose::STANDARD as base64_standard`
 --> crates/vuc-platform/src/consensus/lurosonie_manager.rs:4:5
  |
4 | use base64::engine::general_purpose::STANDARD as base64_standard;
  |     ^^^^^^^^^^^^^^^^^^^^^^^^^^^^^^^^^^^^^^^^^^^^^^^^^^^^^^^^^^^^

warning: unused import: `base64::Engine as _`
 --> crates/vuc-platform/src/consensus/lurosonie_manager.rs:5:5
  |
5 | use base64::Engine as _;
  |     ^^^^^^^^^^^^^^^^^^^

warning: unused import: `ethers::utils::keccak256`
 --> crates/vuc-platform/src/consensus/lurosonie_manager.rs:7:5
  |
7 | use ethers::utils::keccak256;
  |     ^^^^^^^^^^^^^^^^^^^^^^^^

warning: unused import: `reth_trie::root::state_root`
 --> crates/vuc-platform/src/consensus/lurosonie_manager.rs:9:5
  |
9 | use reth_trie::root::state_root;
  |     ^^^^^^^^^^^^^^^^^^^^^^^^^^^

warning: unused import: `interval`
  --> crates/vuc-platform/src/consensus/lurosonie_manager.rs:15:19
   |
15 | use tokio::time::{interval, Duration, Instant};
   |                   ^^^^^^^^

warning: unused import: `uvm_runtime::lib::BTreeMap`
  --> crates/vuc-platform/src/consensus/lurosonie_manager.rs:18:6
   |
18 |  use uvm_runtime::lib::BTreeMap;
   |      ^^^^^^^^^^^^^^^^^^^^^^^^^^

warning: unused import: `vuc_tx::slura_merkle::build_state_trie`
  --> crates/vuc-platform/src/consensus/lurosonie_manager.rs:21:5
   |
21 | use vuc_tx::slura_merkle::build_state_trie;
   |     ^^^^^^^^^^^^^^^^^^^^^^^^^^^^^^^^^^^^^^

warning: type `slurachainGovernance` should have an upper camel case name
 --> crates/vuc-platform/src/consensus/slurachain_gov.rs:6:12
  |
6 | pub struct slurachainGovernance {
  |            ^^^^^^^^^^^^^^^^^^^^ help: convert the identifier to upper camel case (notice the capitalization): `SlurachainGovernance`
  |
  = note: `#[warn(non_camel_case_types)]` (part of `#[warn(nonstandard_style)]`) on by default

warning: unused import: `RocksDBManager`
 --> crates/vuc-platform/src/slurachain_rpc_service.rs:8:35
  |
8 | use vuc_storage::storing_access::{RocksDBManager, RocksDBManagerImpl};
  |                                   ^^^^^^^^^^^^^^

warning: type `slurachainRpcService` should have an upper camel case name
  --> crates/vuc-platform/src/slurachain_rpc_service.rs:53:12
   |
53 | pub struct slurachainRpcService {
   |            ^^^^^^^^^^^^^^^^^^^^ help: convert the identifier to upper camel case (notice the capitalization): `SlurachainRpcService`

warning: unused import: `k256::elliptic_curve::generic_array::GenericArray`
 --> crates/vuc-platform/src/operator/crypto_perf.rs:6:5
  |
6 | use k256::elliptic_curve::generic_array::GenericArray;
  |     ^^^^^^^^^^^^^^^^^^^^^^^^^^^^^^^^^^^^^^^^^^^^^^^^^

warning: unused import: `anyhow::Context`
  --> crates/vuc-platform/src/operator/crypto_perf.rs:10:5
   |
10 | use anyhow::Context;
   |     ^^^^^^^^^^^^^^^

warning: variable does not need to be mutable
   --> crates/vuc-platform/src/consensus/lurosonie_manager.rs:324:13
    |
324 |         let mut contract_states: HashMap<String, Vec<u8>> = HashMap::new();
    |             ----^^^^^^^^^^^^^^^
    |             |
    |             help: remove this `mut`
    |
    = note: `#[warn(unused_mut)]` (part of `#[warn(unused)]`) on by default

warning: variable does not need to be mutable
   --> crates/vuc-platform/src/consensus/lurosonie_manager.rs:325:13
    |
325 |         let mut execution_results: HashMap<String, serde_json::Value> = HashMap::new();
    |             ----^^^^^^^^^^^^^^^^^
    |             |
    |             help: remove this `mut`

warning: variable does not need to be mutable
   --> crates/vuc-platform/src/consensus/lurosonie_manager.rs:326:13
    |
326 |         let mut processed_hashes: Vec<String> = Vec::new();
    |             ----^^^^^^^^^^^^^^^^
    |             |
    |             help: remove this `mut`

warning: unused variable: `block_number`
   --> crates/vuc-platform/src/consensus/lurosonie_manager.rs:399:49
    |
399 |     pub async fn lurosonie_bft_consensus(&self, block_number: u64) -> Result<(), String> {
    |                                                 ^^^^^^^^^^^^ help: if this is intentional, prefix it with an underscore: `_block_number`
    |
    = note: `#[warn(unused_variables)]` (part of `#[warn(unused)]`) on by default

warning: unused variable: `proposal_id`
  --> crates/vuc-platform/src/consensus/slurachain_gov.rs:60:9
   |
60 |         proposal_id: u64,
   |         ^^^^^^^^^^^ help: if this is intentional, prefix it with an underscore: `_proposal_id`

warning: unused variable: `support`
  --> crates/vuc-platform/src/consensus/slurachain_gov.rs:61:9
   |
61 |         support: bool,
   |         ^^^^^^^ help: if this is intentional, prefix it with an underscore: `_support`

warning: unused variable: `voting_power`
  --> crates/vuc-platform/src/consensus/slurachain_gov.rs:62:9
   |
62 |         voting_power: u64,
   |         ^^^^^^^^^^^^ help: if this is intentional, prefix it with an underscore: `_voting_power`

warning: constant `RELAY_MASTER_SELECTOR` is never used
  --> crates/vuc-platform/src/consensus/lurosonie_manager.rs:42:7
   |
42 | const RELAY_MASTER_SELECTOR: &str = "relay_master(address,uint256)";
   |       ^^^^^^^^^^^^^^^^^^^^^
   |
   = note: `#[warn(dead_code)]` (part of `#[warn(unused)]`) on by default

warning: constant `REWARD_HOLDER_SELECTOR` is never used
  --> crates/vuc-platform/src/consensus/lurosonie_manager.rs:43:7
   |
43 | const REWARD_HOLDER_SELECTOR: &str = "reward_lurosonie_holder(address,uint256)";
   |       ^^^^^^^^^^^^^^^^^^^^^^

warning: constant `GET_POWER_SELECTOR` is never used
  --> crates/vuc-platform/src/consensus/lurosonie_manager.rs:44:7
   |
44 | const GET_POWER_SELECTOR: &str = "getValidatorRelayPower(address)";
   |       ^^^^^^^^^^^^^^^^^^

warning: multiple methods are never used
    --> crates/vuc-platform/src/consensus/lurosonie_manager.rs:257:14
     |
 106 | impl LurosonieManager {
     | --------------------- methods in this implementation
...
 257 |     async fn check_decentralization_threshold(&self) -> Result<(), String> {
     |              ^^^^^^^^^^^^^^^^^^^^^^^^^^^^^^^^
...
 263 |     async fn calculate_total_vez_supply(&self) -> Result<u128, String> {
     |              ^^^^^^^^^^^^^^^^^^^^^^^^^^
...
 405 |     async fn sync_relay_validators_from_vm(&self) -> Result<(), String> {
     |              ^^^^^^^^^^^^^^^^^^^^^^^^^^^^^
...
 436 |     async fn lurosonie_relay_power_rotation(&self) -> Result<(), String> {
     |              ^^^^^^^^^^^^^^^^^^^^^^^^^^^^^^
...
 484 |     async fn update_validator_power_onchain(
     |              ^^^^^^^^^^^^^^^^^^^^^^^^^^^^^^
...
 515 |     async fn distribute_block_reward(
     |              ^^^^^^^^^^^^^^^^^^^^^^^
...
 543 |     async fn calculate_relay_powers(&self) -> Result<(), String> {
     |              ^^^^^^^^^^^^^^^^^^^^^^
...
 559 |     async fn select_lurosonie_relay_leader(&self) -> Result<String, String> {
     |              ^^^^^^^^^^^^^^^^^^^^^^^^^^^^^
...
 596 |     async fn get_delegated_stake(&self, validator: &str) -> u64 {
     |              ^^^^^^^^^^^^^^^^^^^
...
 605 |     async fn validate_lurosonie_block(&self, block_number: u64, validator: &str) -> bool {
     |              ^^^^^^^^^^^^^^^^^^^^^^^^
...
 936 |     fn required_stake(&self) -> u64 {
     |        ^^^^^^^^^^^^^^
...
1053 |     async fn execute_native_transfer(
     |              ^^^^^^^^^^^^^^^^^^^^^^^

warning: struct `StatusNodeParams` is never constructed
  --> crates/vuc-platform/src/slurachain_rpc_service.rs:48:8
   |
48 | struct StatusNodeParams {
   |        ^^^^^^^^^^^^^^^^

       Fresh vuc-reader v0.0.1 (/root/Slura/crates/vuc-reader)
warning: `vuc-platform` (lib) generated 25 warnings (run `cargo fix --lib -p vuc-platform` to apply 18 suggestions)
       Dirty vuc-platform v0.1.0 (/root/Slura/crates/vuc-platform): couldn't read metadata for file `target/debug/deps/vuc_platform-ba65c297ead572af`
   Compiling vuc-platform v0.1.0 (/root/Slura/crates/vuc-platform)
     Running `/root/.rustup/toolchains/stable-x86_64-unknown-linux-gnu/bin/rustc --crate-name vuc_platform --edition=2021 crates/vuc-platform/src/engine_platform.rs --error-format=json --json=diagnostic-rendered-ansi,artifacts,future-incompat --crate-type bin --emit=dep-info,link -C embed-bitcode=no -C debuginfo=2 --check-cfg 'cfg(docsrs,test)' --check-cfg 'cfg(feature, values("safe_mode"))' -C metadata=e9eea3f78f1cbb5e -C extra-filename=-ba65c297ead572af --out-dir /root/Slura/target/debug/deps -C incremental=/root/Slura/target/debug/incremental -L dependency=/root/Slura/target/debug/deps --extern alloy_primitives=/root/Slura/target/debug/deps/liballoy_primitives-03c581d0ee5111ef.rlib --extern anyhow=/root/Slura/target/debug/deps/libanyhow-1c897acad9a38b79.rlib --extern base64=/root/Slura/target/debug/deps/libbase64-5ec41e4236db44dc.rlib --extern base64_url=/root/Slura/target/debug/deps/libbase64_url-4e6d717eda07e75b.rlib --extern bcs=/root/Slura/target/debug/deps/libbcs-103fed5890185822.rlib --extern bincode=/root/Slura/target/debug/deps/libbincode-8e0e5362aa0acd10.rlib --extern chrono=/root/Slura/target/debug/deps/libchrono-88133675a05d047c.rlib --extern clap=/root/Slura/target/debug/deps/libclap-09f130407a0c7282.rlib --extern dotenv=/root/Slura/target/debug/deps/libdotenv-aa169d70c7e52c11.rlib --extern ethers=/root/Slura/target/debug/deps/libethers-c36ee5e78b6046b6.rlib --extern fastcrypto=/root/Slura/target/debug/deps/libfastcrypto-f97620b3abe1e193.rlib --extern futures=/root/Slura/target/debug/deps/libfutures-98fe7d46f0728a11.rlib --extern futures_util=/root/Slura/target/debug/deps/libfutures_util-cba7c79e9bda8b29.rlib --extern hashbrown=/root/Slura/target/debug/deps/libhashbrown-b4f0c67eea0ac41b.rlib --extern hex=/root/Slura/target/debug/deps/libhex-5494eed0a2f10f5a.rlib --extern hyper=/root/Slura/target/debug/deps/libhyper-e428899aa4792028.rlib --extern ipnetwork=/root/Slura/target/debug/deps/libipnetwork-4d27f405da09e461.rlib --extern jsonrpsee=/root/Slura/target/debug/deps/libjsonrpsee-f00d554cb7f3d908.rlib --extern jsonrpsee_http_client=/root/Slura/target/debug/deps/libjsonrpsee_http_client-e09a8784845c464c.rlib --extern jsonrpsee_server=/root/Slura/target/debug/deps/libjsonrpsee_server-735961980b6e195b.rlib --extern jsonrpsee_types=/root/Slura/target/debug/deps/libjsonrpsee_types-067366f345acd00b.rlib --extern k256=/root/Slura/target/debug/deps/libk256-ce086fe2d6c78acb.rlib --extern lazy_static=/root/Slura/target/debug/deps/liblazy_static-57dd0702fda1381d.rlib --extern local_ip_address=/root/Slura/target/debug/deps/liblocal_ip_address-1485fa6c211ddf14.rlib --extern miniz_oxide=/root/Slura/target/debug/deps/libminiz_oxide-68a79fe4cd4bfee5.rlib --extern num_traits=/root/Slura/target/debug/deps/libnum_traits-5094d78e67307f24.rlib --extern num_cpus=/root/Slura/target/debug/deps/libnum_cpus-a55c4615d1daec25.rlib --extern percent_encoding=/root/Slura/target/debug/deps/libpercent_encoding-59af404988bd156b.rlib --extern primitive_types=/root/Slura/target/debug/deps/libprimitive_types-22b40b259bb9c885.rlib --extern prometheus=/root/Slura/target/debug/deps/libprometheus-a366c87279718850.rlib --extern rand=/root/Slura/target/debug/deps/librand-8a9c91ccac41dd7d.rlib --extern rand_chacha=/root/Slura/target/debug/deps/librand_chacha-8a4b8b5a4aaa2b17.rlib --extern rayon=/root/Slura/target/debug/deps/librayon-1d61f3249870f5d7.rlib --extern reth_primitives=/root/Slura/target/debug/deps/libreth_primitives-49d282a968ab2865.rlib --extern reth_trie=/root/Slura/target/debug/deps/libreth_trie-41b9c80a78a99995.rlib --extern rlp=/root/Slura/target/debug/deps/librlp-a5b6ae7ee5197d59.rlib --extern serde=/root/Slura/target/debug/deps/libserde-529f12b68de624a3.rlib --extern serde_json=/root/Slura/target/debug/deps/libserde_json-d0753b13e1b2a876.rlib --extern sha3=/root/Slura/target/debug/deps/libsha3-781d3bb79c5f4a43.rlib --extern sha_256=/root/Slura/target/debug/deps/libsha_256-f7ef6fdc38a8bd09.rlib --extern tiny_keccak=/root/Slura/target/debug/deps/libtiny_keccak-3e960b1f4528cead.rlib --extern tokio=/root/Slura/target/debug/deps/libtokio-8ad818eb9242cdeb.rlib --extern tower=/root/Slura/target/debug/deps/libtower-437712ff7dda36c1.rlib --extern tower_http=/root/Slura/target/debug/deps/libtower_http-c997ed35a8a3c993.rlib --extern tracing=/root/Slura/target/debug/deps/libtracing-e4625b76e7426421.rlib --extern tracing_subscriber=/root/Slura/target/debug/deps/libtracing_subscriber-4fe2f60470a1aa50.rlib --extern typenum=/root/Slura/target/debug/deps/libtypenum-8a25f6af68af3ab4.rlib --extern uvm_runtime=/root/Slura/target/debug/deps/libuvm_runtime-3d27031e61e01aa4.rlib --extern vuc_core=/root/Slura/target/debug/deps/libvuc_core-0ba91e577025c069.rlib --extern vuc_events=/root/Slura/target/debug/deps/libvuc_events-e98b5a6febaf9ce9.rlib --extern vuc_platform=/root/Slura/target/debug/deps/libvuc_platform-5b0281a7bb6e1a27.rlib --extern vuc_storage=/root/Slura/target/debug/deps/libvuc_storage-24291a29787bd4cf.rlib --extern vuc_tx=/root/Slura/target/debug/deps/libvuc_tx-d412c9a13199a576.rlib --extern vuc_types=/root/Slura/target/debug/deps/libvuc_types-4075ea6e6e4d5073.rlib -L native=/root/Slura/target/debug/build/ring-2f4a15da5790ec54/out -L native=/root/Slura/target/debug/build/ring-87c98841eb8269e4/out -L native=/root/Slura/target/debug/build/blst-ba70220c72c11466/out -L native=/root/Slura/target/debug/build/secp256k1-sys-50e75a921437ea17/out -L native=/root/Slura/target/debug/build/c-kzg-6497ad6cafc79f94/out -L native=/root/Slura/target/debug/build/secp256k1-sys-745fab11435d9246/out -L native=/root/Slura/target/debug/build/zstd-sys-3db3a2ed47f9cf51/out -L native=/root/Slura/target/debug/build/librocksdb-sys-6fbeae9656c7c62a/out -L native=/root/Slura/target/debug/build/librocksdb-sys-6fbeae9656c7c62a/out -L native=/root/Slura/target/debug/build/bzip2-sys-0790871abbf480f7/out/lib -L native=/root/Slura/target/debug/build/libz-sys-c15ec566d8186f1a/out/lib -L native=/root/Slura/target/debug/build/libz-sys-c15ec566d8186f1a/out/lib -L native=/root/Slura/target/debug/build/lz4-sys-5537eadef365ca26/out -L native=/root/Slura/target/debug/build/sys-info-25a6a73c92fee035/out`
warning: unused import: `jsonrpsee::Methods`
 --> crates/vuc-platform/src/engine_platform.rs:3:5
  |
3 | use jsonrpsee::Methods;
  |     ^^^^^^^^^^^^^^^^^^
  |
  = note: `#[warn(unused_imports)]` (part of `#[warn(unused)]`) on by default

warning: unused import: `Mutex`
 --> crates/vuc-platform/src/engine_platform.rs:5:19
  |
5 | use tokio::sync::{Mutex, mpsc, broadcast}; // Ajo...
  |                   ^^^^^

warning: unused import: `rand::Rng`
 --> crates/vuc-platform/src/engine_platform.rs:6:5
  |
6 | use rand::Rng;
  |     ^^^^^^^^^

warning: unused import: `vuc_platform::slurachain_rpc_service::TxRequest`
  --> crates/vuc-platform/src/engine_platform.rs:12:5
   |
12 | use vuc_platform::slurachain_rpc_service::TxRequest;
   |     ^^^^^^^^^^^^^^^^^^^^^^^^^^^^^^^^^^^^^^^^^^^^^^^

warning: unused import: `vuc_tx::slurachain_vm::Module`
  --> crates/vuc-platform/src/engine_platform.rs:13:5
   |
13 | use vuc_tx::slurachain_vm::Module;
   |     ^^^^^^^^^^^^^^^^^^^^^^^^^^^^^

warning: unused import: `jsonrpsee_server::ServerBuilder`
  --> crates/vuc-platform/src/engine_platform.rs:15:5
   |
15 | use jsonrpsee_server::ServerBuilder;
   |     ^^^^^^^^^^^^^^^^^^^^^^^^^^^^^^^

warning: unused import: `tower::ServiceBuilder`
  --> crates/vuc-platform/src/engine_platform.rs:16:5
   |
16 | use tower::ServiceBuilder;
   |     ^^^^^^^^^^^^^^^^^^^^^

warning: unused import: `RwLock`
  --> crates/vuc-platform/src/engine_platform.rs:19:22
   |
19 | use std::sync::{Arc, RwLock};
   |                      ^^^^^^

warning: unused import: `tokio::time::sleep`
  --> crates/vuc-platform/src/engine_platform.rs:25:5
   |
25 | use tokio::time::sleep;
   |     ^^^^^^^^^^^^^^^^^^

warning: unused imports: `committee::EpochId` and `supported_protocol_versions::SupportedProtocolVersions`
  --> crates/vuc-platform/src/engine_platform.rs:39:17
   |
39 | ...::{committee::EpochId, supported_protocol_versions::SupportedProtocolVersions};
   |       ^^^^^^^^^^^^^^^^^^  ^^^^^^^^^^^^^^^^^^^^^^^^^^^^^^^^^^^^^^^^^^^^^^^^^^^^^^

warning: unused import: `vuc_events::time_warp::TimeWarp`
  --> crates/vuc-platform/src/engine_platform.rs:40:5
   |
40 | use vuc_events::time_warp::TimeWarp;
   |     ^^^^^^^^^^^^^^^^^^^^^^^^^^^^^^^

warning: unused import: `vuc_tx::slura_merkle::build_state_trie`
  --> crates/vuc-platform/src/engine_platform.rs:41:5
   |
41 | use vuc_tx::slura_merkle::build_state_trie;
   |     ^^^^^^^^^^^^^^^^^^^^^^^^^^^^^^^^^^^^^^

warning: unused import: `uvm_runtime::interpreter::execute_program`
  --> crates/vuc-platform/src/engine_platform.rs:42:5
   |
42 | use uvm_runtime::interpreter::execute_program;
   |     ^^^^^^^^^^^^^^^^^^^^^^^^^^^^^^^^^^^^^^^^^

warning: unused import: `uvm_runtime::interpreter::InterpreterArgs`
  --> crates/vuc-platform/src/engine_platform.rs:44:5
   |
44 | use uvm_runtime::interpreter::InterpreterArgs;
   |     ^^^^^^^^^^^^^^^^^^^^^^^^^^^^^^^^^^^^^^^^^

warning: unused imports: `TrieAccount` and `root::state_root`
  --> crates/vuc-platform/src/engine_platform.rs:48:17
   |
48 | use reth_trie::{root::state_root, TrieAccount};
   |                 ^^^^^^^^^^^^^^^^  ^^^^^^^^^^^

warning: unused import: `HttpBody`
  --> crates/vuc-platform/src/engine_platform.rs:49:35
   |
49 | use jsonrpsee_server::{RpcModule, HttpBody};
   |                                   ^^^^^^^^

warning: unused import: `vuc_tx::slurachain_vm::Signer`
  --> crates/vuc-platform/src/engine_platform.rs:53:5
   |
53 | use vuc_tx::slurachain_vm::Signer;
   |     ^^^^^^^^^^^^^^^^^^^^^^^^^^^^^

warning: unused import: `Keccak256`
    --> crates/vuc-platform/src/engine_platform.rs:3024:28
     |
3024 |         use sha3::{Digest, Keccak256};
     |                            ^^^^^^^^^

warning: variable does not need to be mutable
   --> crates/vuc-platform/src/engine_platform.rs:370:9
    |
370 |     let mut vm = self.vm.write().await;
    |         ----^^
    |         |
    |         help: remove this `mut`
    |
    = note: `#[warn(unused_mut)]` (part of `#[warn(unused)]`) on by default

warning: variable does not need to be mutable
    --> crates/vuc-platform/src/engine_platform.rs:1277:17
     |
1277 |             let mut vm = self.vm.write().await;
     |                 ----^^
     |                 |
     |                 help: remove this `mut`

warning: variable does not need to be mutable
    --> crates/vuc-platform/src/engine_platform.rs:1331:13
     |
1331 |         let mut vm = self.vm.write().await;
     |             ----^^
     |             |
     |             help: remove this `mut`

warning: variable does not need to be mutable
    --> crates/vuc-platform/src/engine_platform.rs:1469:17
     |
1469 |             let mut vm = self.vm.write().await;
     |                 ----^^
     |                 |
     |                 help: remove this `mut`

warning: use of deprecated method `chrono::DateTime::<Tz>::timestamp_nanos`: use `timestamp_nanos_opt()` instead
    --> crates/vuc-platform/src/engine_platform.rs:1720:52
     |
1720 | ...o::Utc::now().timestamp_nanos().to_be_bytes...
     |                  ^^^^^^^^^^^^^^^
     |
     = note: `#[warn(deprecated)]` on by default

error[E0277]: the trait bound `str: LowerHex` is not satisfied
    --> crates/vuc-platform/src/engine_platform.rs:1879:38
     |
1879 | ..."0x{:064x}", from_addr.trim_start_matches("0x")),
     |       -------   ^^^^^^^^^^^^^^^^^^^^^^^^^^^^^^^^^^ the trait `LowerHex` is not implemented for `str`
     |       |
     |       required by this formatting parameter
     |
     = help: the following other types implement trait `LowerHex`:
               &T
               &mut T
               BytesMut
               GenericArray<u8, T>
               H128
               H160
               H256
               H264
             and 144 others
     = note: required for `&str` to implement `LowerHex`
     = note: the full name for the type has been written to '/root/Slura/target/debug/deps/vuc_platform-ba65c297ead572af.long-type-18396663297306102830.txt'
     = note: consider using `--verbose` to print the full type name to the console
     = note: this error originates in the macro `$crate::__export::format_args` which comes from the expansion of the macro `format` (in Nightly builds, run with -Z macro-backtrace for more info)

warning: variable does not need to be mutable
    --> crates/vuc-platform/src/engine_platform.rs:2840:21
     |
2840 | ...   let mut response = serde_json::json!({
     |           ----^^^^^^^^
     |           |
     |           help: remove this `mut`

warning: unused import: `Digest`
    --> crates/vuc-platform/src/engine_platform.rs:3024:20
     |
3024 |         use sha3::{Digest, Keccak256};
     |                    ^^^^^^

warning: unused variable: `cluster`
   --> crates/vuc-platform/src/engine_platform.rs:133:9
    |
133 |         cluster: String,
    |         ^^^^^^^ help: if this is intentional, prefix it with an underscore: `_cluster`
    |
    = note: `#[warn(unused_variables)]` (part of `#[warn(unused)]`) on by default

warning: unused variable: `post_state`
   --> crates/vuc-platform/src/engine_platform.rs:752:14
    |
752 |         let (post_state, standard_root, zk_root...
    |              ^^^^^^^^^^ help: if this is intentional, prefix it with an underscore: `_post_state`

warning: unused variable: `post_state`
    --> crates/vuc-platform/src/engine_platform.rs:1046:14
     |
1046 |         let (post_state, standard_root, zk_roo...
     |              ^^^^^^^^^^ help: if this is intentional, prefix it with an underscore: `_post_state`

warning: unused variable: `params`
    --> crates/vuc-platform/src/engine_platform.rs:3295:68
     |
3295 | ...ionGas", move |params, _meta, _| {
     |                   ^^^^^^ help: if this is intentional, prefix it with an underscore: `_params`

warning: unused variable: `engine`
    --> crates/vuc-platform/src/engine_platform.rs:3296:9
     |
3296 |     let engine = engine_clone.clone();
     |         ^^^^^^ help: if this is intentional, prefix it with an underscore: `_engine`

warning: value assigned to `to_addr` is never read
    --> crates/vuc-platform/src/engine_platform.rs:3071:43
     |
3071 |         let mut to_addr: Option<String> = None;
     |                                           ^^^^
     |
     = help: maybe it is overwritten before being read?
     = note: `#[warn(unused_assignments)]` (part of `#[warn(unused)]`) on by default

warning: unused variable: `engine`
    --> crates/vuc-platform/src/engine_platform.rs:2858:17
     |
2858 |             let engine = engine_platform_clone...
     |                 ^^^^^^ help: if this is intentional, prefix it with an underscore: `_engine`

warning: unused variable: `engine_platform_clone`
    --> crates/vuc-platform/src/engine_platform.rs:2901:13
     |
2901 |         let engine_platform_clone = self.clone();
     |             ^^^^^^^^^^^^^^^^^^^^^ help: if this is intentional, prefix it with an underscore: `_engine_platform_clone`

warning: unused variable: `engine_clone`
    --> crates/vuc-platform/src/engine_platform.rs:3220:5
     |
3220 | let engine_clone = self.clone();
     |     ^^^^^^^^^^^^ help: if this is intentional, prefix it with an underscore: `_engine_clone`

warning: irrefutable `if let` pattern
    --> crates/vuc-platform/src/engine_platform.rs:4946:25
     |
4946 | ... = if let manager = storage.as_ref() {
     |          ^^^^^^^^^^^^^^^^^^^^^^^^^^^^^^
     |
     = note: this pattern will always match, so the `if let` is useless
     = help: consider replacing the `if let` with a `let`
     = note: `#[warn(irrefutable_let_patterns)]` on by default

warning: unreachable pattern
    --> crates/vuc-platform/src/engine_platform.rs:4953:9
     |
4949 |         Ok(_data) => {
     |         --------- matches all the relevant values
...
4953 |         Ok(none) => {
     |         ^^^^^^^^ no value can reach this
     |
     = note: `#[warn(unreachable_patterns)]` (part of `#[warn(unused)]`) on by default
     = note: the full name for the type has been written to '/root/Slura/target/debug/deps/vuc_platform-ba65c297ead572af.long-type-8985819399416370992.txt'
     = note: consider using `--verbose` to print the full type name to the console

warning: irrefutable `if let` pattern
    --> crates/vuc-platform/src/engine_platform.rs:5079:25
     |
5079 | ... = if let manager = storage.as_ref() {
     |          ^^^^^^^^^^^^^^^^^^^^^^^^^^^^^^
     |
     = note: this pattern will always match, so the `if let` is useless
     = help: consider replacing the `if let` with a `let`

warning: unreachable pattern
    --> crates/vuc-platform/src/engine_platform.rs:5086:9
     |
5082 |         Ok(_data) => {
     |         --------- matches all the relevant values
...
5086 |         Ok(none) => {
     |         ^^^^^^^^ no value can reach this
     |
     = note: the full name for the type has been written to '/root/Slura/target/debug/deps/vuc_platform-ba65c297ead572af.long-type-8985819399416370992.txt'
     = note: consider using `--verbose` to print the full type name to the console

warning: variable does not need to be mutable
    --> crates/vuc-platform/src/engine_platform.rs:4612:65
     |
4612 | ...   let mut vm = engine.vm.write().await;
     |           ----^^
     |           |
     |           help: remove this `mut`

warning: variable does not need to be mutable
    --> crates/vuc-platform/src/engine_platform.rs:4998:21
     |
4998 | ...   let mut vm = engine_clone.vm.write().await;
     |           ----^^
     |           |
     |           help: remove this `mut`

warning: variable does not need to be mutable
    --> crates/vuc-platform/src/engine_platform.rs:5131:21
     |
5131 | ...   let mut vm = engine_clone.vm.write().await;
     |           ----^^
     |           |
     |           help: remove this `mut`

warning: unused variable: `none`
    --> crates/vuc-platform/src/engine_platform.rs:5086:12
     |
5086 |         Ok(none) => {
     |            ^^^^ help: if this is intentional, prefix it with an underscore: `_none`

warning: unused variable: `none`
    --> crates/vuc-platform/src/engine_platform.rs:4953:12
     |
4953 |         Ok(none) => {
     |            ^^^^ help: if this is intentional, prefix it with an underscore: `_none`

warning: unused variable: `count`
    --> crates/vuc-platform/src/engine_platform.rs:4558:33
     |
4558 | ...           let count: u64 = count_str.parse...
     |                   ^^^^^ help: if this is intentional, prefix it with an underscore: `_count`

warning: unused variable: `engine`
    --> crates/vuc-platform/src/engine_platform.rs:4744:13
     |
4744 |         let engine = engine_platform.clone();
     |             ^^^^^^ help: if this is intentional, prefix it with an underscore: `_engine`

warning: unused variable: `lurosonie_manager_clone`
    --> crates/vuc-platform/src/engine_platform.rs:4933:9
     |
4933 |     let lurosonie_manager_clone = Arc::clone(&...
     |         ^^^^^^^^^^^^^^^^^^^^^^^ help: if this is intentional, prefix it with an underscore: `_lurosonie_manager_clone`

warning: unused variable: `lurosonie_manager_clone`
    --> crates/vuc-platform/src/engine_platform.rs:5066:9
     |
5066 |     let lurosonie_manager_clone = Arc::clone(&...
     |         ^^^^^^^^^^^^^^^^^^^^^^^ help: if this is intentional, prefix it with an underscore: `_lurosonie_manager_clone`

warning: value assigned to `validator_address_generated` is never read
    --> crates/vuc-platform/src/engine_platform.rs:4329:43
     |
4329 | ...ss_generated = String::new();
     |                   ^^^^^^^^^^^^^
     |
     = help: maybe it is overwritten before being read?

For more information about this error, try `rustc --explain E0277`.
warning: `vuc-platform` (bin "vuc-platform") generated 48 warnings
error: could not compile `vuc-platform` (bin "vuc-platform") due to 1 previous error; 48 warnings emitted

Caused by:
  process didn't exit successfully: `/root/.rustup/toolchains/stable-x86_64-unknown-linux-gnu/bin/rustc --crate-name vuc_platform --edition=2021 crates/vuc-platform/src/engine_platform.rs --error-format=json --json=diagnostic-rendered-ansi,artifacts,future-incompat --crate-type bin --emit=dep-info,link -C embed-bitcode=no -C debuginfo=2 --check-cfg 'cfg(docsrs,test)' --check-cfg 'cfg(feature, values("safe_mode"))' -C metadata=e9eea3f78f1cbb5e -C extra-filename=-ba65c297ead572af --out-dir /root/Slura/target/debug/deps -C incremental=/root/Slura/target/debug/incremental -L dependency=/root/Slura/target/debug/deps --extern alloy_primitives=/root/Slura/target/debug/deps/liballoy_primitives-03c581d0ee5111ef.rlib --extern anyhow=/root/Slura/target/debug/deps/libanyhow-1c897acad9a38b79.rlib --extern base64=/root/Slura/target/debug/deps/libbase64-5ec41e4236db44dc.rlib --extern base64_url=/root/Slura/target/debug/deps/libbase64_url-4e6d717eda07e75b.rlib --extern bcs=/root/Slura/target/debug/deps/libbcs-103fed5890185822.rlib --extern bincode=/root/Slura/target/debug/deps/libbincode-8e0e5362aa0acd10.rlib --extern chrono=/root/Slura/target/debug/deps/libchrono-88133675a05d047c.rlib --extern clap=/root/Slura/target/debug/deps/libclap-09f130407a0c7282.rlib --extern dotenv=/root/Slura/target/debug/deps/libdotenv-aa169d70c7e52c11.rlib --extern ethers=/root/Slura/target/debug/deps/libethers-c36ee5e78b6046b6.rlib --extern fastcrypto=/root/Slura/target/debug/deps/libfastcrypto-f97620b3abe1e193.rlib --extern futures=/root/Slura/target/debug/deps/libfutures-98fe7d46f0728a11.rlib --extern futures_util=/root/Slura/target/debug/deps/libfutures_util-cba7c79e9bda8b29.rlib --extern hashbrown=/root/Slura/target/debug/deps/libhashbrown-b4f0c67eea0ac41b.rlib --extern hex=/root/Slura/target/debug/deps/libhex-5494eed0a2f10f5a.rlib --extern hyper=/root/Slura/target/debug/deps/libhyper-e428899aa4792028.rlib --extern ipnetwork=/root/Slura/target/debug/deps/libipnetwork-4d27f405da09e461.rlib --extern jsonrpsee=/root/Slura/target/debug/deps/libjsonrpsee-f00d554cb7f3d908.rlib --extern jsonrpsee_http_client=/root/Slura/target/debug/deps/libjsonrpsee_http_client-e09a8784845c464c.rlib --extern jsonrpsee_server=/root/Slura/target/debug/deps/libjsonrpsee_server-735961980b6e195b.rlib --extern jsonrpsee_types=/root/Slura/target/debug/deps/libjsonrpsee_types-067366f345acd00b.rlib --extern k256=/root/Slura/target/debug/deps/libk256-ce086fe2d6c78acb.rlib --extern lazy_static=/root/Slura/target/debug/deps/liblazy_static-57dd0702fda1381d.rlib --extern local_ip_address=/root/Slura/target/debug/deps/liblocal_ip_address-1485fa6c211ddf14.rlib --extern miniz_oxide=/root/Slura/target/debug/deps/libminiz_oxide-68a79fe4cd4bfee5.rlib --extern num_traits=/root/Slura/target/debug/deps/libnum_traits-5094d78e67307f24.rlib --extern num_cpus=/root/Slura/target/debug/deps/libnum_cpus-a55c4615d1daec25.rlib --extern percent_encoding=/root/Slura/target/debug/deps/libpercent_encoding-59af404988bd156b.rlib --extern primitive_types=/root/Slura/target/debug/deps/libprimitive_types-22b40b259bb9c885.rlib --extern prometheus=/root/Slura/target/debug/deps/libprometheus-a366c87279718850.rlib --extern rand=/root/Slura/target/debug/deps/librand-8a9c91ccac41dd7d.rlib --extern rand_chacha=/root/Slura/target/debug/deps/librand_chacha-8a4b8b5a4aaa2b17.rlib --extern rayon=/root/Slura/target/debug/deps/librayon-1d61f3249870f5d7.rlib --extern reth_primitives=/root/Slura/target/debug/deps/libreth_primitives-49d282a968ab2865.rlib --extern reth_trie=/root/Slura/target/debug/deps/libreth_trie-41b9c80a78a99995.rlib --extern rlp=/root/Slura/target/debug/deps/librlp-a5b6ae7ee5197d59.rlib --extern serde=/root/Slura/target/debug/deps/libserde-529f12b68de624a3.rlib --extern serde_json=/root/Slura/target/debug/deps/libserde_json-d0753b13e1b2a876.rlib --extern sha3=/root/Slura/target/debug/deps/libsha3-781d3bb79c5f4a43.rlib --extern sha_256=/root/Slura/target/debug/deps/libsha_256-f7ef6fdc38a8bd09.rlib --extern tiny_keccak=/root/Slura/target/debug/deps/libtiny_keccak-3e960b1f4528cead.rlib --extern tokio=/root/Slura/target/debug/deps/libtokio-8ad818eb9242cdeb.rlib --extern tower=/root/Slura/target/debug/deps/libtower-437712ff7dda36c1.rlib --extern tower_http=/root/Slura/target/debug/deps/libtower_http-c997ed35a8a3c993.rlib --extern tracing=/root/Slura/target/debug/deps/libtracing-e4625b76e7426421.rlib --extern tracing_subscriber=/root/Slura/target/debug/deps/libtracing_subscriber-4fe2f60470a1aa50.rlib --extern typenum=/root/Slura/target/debug/deps/libtypenum-8a25f6af68af3ab4.rlib --extern uvm_runtime=/root/Slura/target/debug/deps/libuvm_runtime-3d27031e61e01aa4.rlib --extern vuc_core=/root/Slura/target/debug/deps/libvuc_core-0ba91e577025c069.rlib --extern vuc_events=/root/Slura/target/debug/deps/libvuc_events-e98b5a6febaf9ce9.rlib --extern vuc_platform=/root/Slura/target/debug/deps/libvuc_platform-5b0281a7bb6e1a27.rlib --extern vuc_storage=/root/Slura/target/debug/deps/libvuc_storage-24291a29787bd4cf.rlib --extern vuc_tx=/root/Slura/target/debug/deps/libvuc_tx-d412c9a13199a576.rlib --extern vuc_types=/root/Slura/target/debug/deps/libvuc_types-4075ea6e6e4d5073.rlib -L native=/root/Slura/target/debug/build/ring-2f4a15da5790ec54/out -L native=/root/Slura/target/debug/build/ring-87c98841eb8269e4/out -L native=/root/Slura/target/debug/build/blst-ba70220c72c11466/out -L native=/root/Slura/target/debug/build/secp256k1-sys-50e75a921437ea17/out -L native=/root/Slura/target/debug/build/c-kzg-6497ad6cafc79f94/out -L native=/root/Slura/target/debug/build/secp256k1-sys-745fab11435d9246/out -L native=/root/Slura/target/debug/build/zstd-sys-3db3a2ed47f9cf51/out -L native=/root/Slura/target/debug/build/librocksdb-sys-6fbeae9656c7c62a/out -L native=/root/Slura/target/debug/build/librocksdb-sys-6fbeae9656c7c62a/out -L native=/root/Slura/target/debug/build/bzip2-sys-0790871abbf480f7/out/lib -L native=/root/Slura/target/debug/build/libz-sys-c15ec566d8186f1a/out/lib -L native=/root/Slura/target/debug/build/libz-sys-c15ec566d8186f1a/out/lib -L native=/root/Slura/target/debug/build/lz4-sys-5537eadef365ca26/out -L native=/root/Slura/target/debug/build/sys-info-25a6a73c92fee035/out` (exit status: 1)
